Component: ARM Compiler 5.06 update 4 (build 422) Tool: armlink [4d35d2]

==============================================================================

Section Cross References

    main.o(i.bh1750_task) refers to dht11.o(i.DHT11_Read_Data) for DHT11_Read_Data
    main.o(i.bh1750_task) refers to bh1750.o(i.TaskBH1750) for TaskBH1750
    main.o(i.bh1750_task) refers to tasks.o(i.vTaskDelay) for vTaskDelay
    main.o(i.bh1750_task) refers to main.o(.data) for .data
    main.o(i.flash_task) refers to _printf_pad.o(.text) for _printf_pre_padding
    main.o(i.flash_task) refers to _printf_percent.o(.ARM.Collect$$_printf_percent$$00000000) for _printf_percent
    main.o(i.flash_task) refers to _printf_d.o(.ARM.Collect$$_printf_percent$$00000009) for _printf_d
    main.o(i.flash_task) refers to _printf_dec.o(.text) for _printf_int_dec
    main.o(i.flash_task) refers to stm32f4xx_rtc.o(i.RTC_GetTime) for RTC_GetTime
    main.o(i.flash_task) refers to noretval__2sprintf.o(.text) for __2sprintf
    main.o(i.flash_task) refers to w25qxx.o(i.W25QXX_Write) for W25QXX_Write
    main.o(i.flash_task) refers to tasks.o(i.vTaskDelay) for vTaskDelay
    main.o(i.flash_task) refers to main.o(.data) for .data
    main.o(i.lcd_task) refers to _printf_pad.o(.text) for _printf_pre_padding
    main.o(i.lcd_task) refers to _printf_percent.o(.ARM.Collect$$_printf_percent$$00000000) for _printf_percent
    main.o(i.lcd_task) refers to _printf_d.o(.ARM.Collect$$_printf_percent$$00000009) for _printf_d
    main.o(i.lcd_task) refers to _printf_dec.o(.text) for _printf_int_dec
    main.o(i.lcd_task) refers to lcd.o(i.LCD_ShowChar) for LCD_ShowChar
    main.o(i.lcd_task) refers to lcd.o(i.LCD_ShowIntNum) for LCD_ShowIntNum
    main.o(i.lcd_task) refers to lcd.o(i.LCD_ShowString) for LCD_ShowString
    main.o(i.lcd_task) refers to tasks.o(i.vTaskDelay) for vTaskDelay
    main.o(i.lcd_task) refers to stm32f4xx_rtc.o(i.RTC_GetTime) for RTC_GetTime
    main.o(i.lcd_task) refers to noretval__2sprintf.o(.text) for __2sprintf
    main.o(i.lcd_task) refers to main.o(.data) for .data
    main.o(i.main) refers to misc.o(i.NVIC_PriorityGroupConfig) for NVIC_PriorityGroupConfig
    main.o(i.main) refers to delay.o(i.delay_init) for delay_init
    main.o(i.main) refers to usart.o(i.uart_init) for uart_init
    main.o(i.main) refers to led.o(i.LED_Init) for LED_Init
    main.o(i.main) refers to key.o(i.KEY_Init) for KEY_Init
    main.o(i.main) refers to rtc.o(i.My_RTC_Init) for My_RTC_Init
    main.o(i.main) refers to lcd_init.o(i.LCD_Init) for LCD_Init
    main.o(i.main) refers to lcd.o(i.LCD_Fill) for LCD_Fill
    main.o(i.main) refers to myiic.o(i.IIC_Init) for IIC_Init
    main.o(i.main) refers to myiic.o(i.IIC_Send_Byte) for IIC_Send_Byte
    main.o(i.main) refers to myiic_b.o(i.IIC_B_Init) for IIC_B_Init
    main.o(i.main) refers to inv_mpu.o(i.mpu_dmp_init) for mpu_dmp_init
    main.o(i.main) refers to w25qxx.o(i.W25QXX_Init) for W25QXX_Init
    main.o(i.main) refers to lcd.o(i.LCD_ShowString) for LCD_ShowString
    main.o(i.main) refers to delay.o(i.delay_ms) for delay_ms
    main.o(i.main) refers to dht11.o(i.DHT11_Init) for DHT11_Init
    main.o(i.main) refers to w25qxx.o(i.W25QXX_ReadID) for W25QXX_ReadID
    main.o(i.main) refers to lcd.o(i.LCD_DrawLine) for LCD_DrawLine
    main.o(i.main) refers to lcd.o(i.LCD_ShowChar) for LCD_ShowChar
    main.o(i.main) refers to tasks.o(i.xTaskCreate) for xTaskCreate
    main.o(i.main) refers to tasks.o(i.vTaskStartScheduler) for vTaskStartScheduler
    main.o(i.main) refers to main.o(.data) for .data
    main.o(i.main) refers to main.o(i.start_task) for start_task
    main.o(i.mpu6050_task) refers to inv_mpu.o(i.mpu_dmp_get_data) for mpu_dmp_get_data
    main.o(i.mpu6050_task) refers to tasks.o(i.vTaskDelay) for vTaskDelay
    main.o(i.mpu6050_task) refers to main.o(.data) for .data
    main.o(i.start_task) refers to port.o(i.vPortEnterCritical) for vPortEnterCritical
    main.o(i.start_task) refers to tasks.o(i.xTaskCreate) for xTaskCreate
    main.o(i.start_task) refers to tasks.o(i.vTaskDelete) for vTaskDelete
    main.o(i.start_task) refers to port.o(i.vPortExitCritical) for vPortExitCritical
    main.o(i.start_task) refers to main.o(.data) for .data
    main.o(i.start_task) refers to main.o(i.bh1750_task) for bh1750_task
    main.o(i.start_task) refers to main.o(i.mpu6050_task) for mpu6050_task
    main.o(i.start_task) refers to main.o(i.usart_trans_task) for usart_trans_task
    main.o(i.start_task) refers to main.o(i.lcd_task) for lcd_task
    main.o(i.start_task) refers to main.o(i.flash_task) for flash_task
    main.o(i.usart_trans_task) refers to _printf_percent.o(.ARM.Collect$$_printf_percent$$00000000) for _printf_percent
    main.o(i.usart_trans_task) refers to _printf_s.o(.ARM.Collect$$_printf_percent$$00000014) for _printf_s
    main.o(i.usart_trans_task) refers to _printf_str.o(.text) for _printf_str
    main.o(i.usart_trans_task) refers to key.o(i.KEY_Scan) for KEY_Scan
[...]
    DMA1_Stream4_IRQHandler                  0x0800034b   Thumb Code     0  startup_stm32f40_41xxx.o(.text)
    DMA1_Stream5_IRQHandler                  0x0800034b   Thumb Code     0  startup_stm32f40_41xxx.o(.text)
    DMA1_Stream6_IRQHandler                  0x0800034b   Thumb Code     0  startup_stm32f40_41xxx.o(.text)
    DMA1_Stream7_IRQHandler                  0x0800034b   Thumb Code     0  startup_stm32f40_41xxx.o(.text)
    DMA2_Stream0_IRQHandler                  0x0800034b   Thumb Code     0  startup_stm32f40_41xxx.o(.text)
    DMA2_Stream1_IRQHandler                  0x0800034b   Thumb Code     0  startup_stm32f40_41xxx.o(.text)
    DMA2_Stream2_IRQHandler                  0x0800034b   Thumb Code     0  startup_stm32f40_41xxx.o(.text)
    DMA2_Stream3_IRQHandler                  0x0800034b   Thumb Code     0  startup_stm32f40_41xxx.o(.text)
    DMA2_Stream4_IRQHandler                  0x0800034b   Thumb Code     0  startup_stm32f40_41xxx.o(.text)
    DMA2_Stream5_IRQHandler                  0x0800034b   Thumb Code     0  startup_stm32f40_41xxx.o(.text)
    DMA2_Stream6_IRQHandler                  0x0800034b   Thumb Code     0  startup_stm32f40_41xxx.o(.text)
    DMA2_Stream7_IRQHandler                  0x0800034b   Thumb Code     0  startup_stm32f40_41xxx.o(.text)
    ETH_IRQHandler                           0x0800034b   Thumb Code     0  startup_stm32f40_41xxx.o(.text)
    ETH_WKUP_IRQHandler                      0x0800034b   Thumb Code     0  startup_stm32f40_41xxx.o(.text)
    EXTI0_IRQHandler                         0x0800034b   Thumb Code     0  startup_stm32f40_41xxx.o(.text)
    EXTI15_10_IRQHandler                     0x0800034b   Thumb Code     0  startup_stm32f40_41xxx.o(.text)
    EXTI1_IRQHandler                         0x0800034b   Thumb Code     0  startup_stm32f40_41xxx.o(.text)
    EXTI2_IRQHandler                         0x0800034b   Thumb Code     0  startup_stm32f40_41xxx.o(.text)
    EXTI3_IRQHandler                         0x0800034b   Thumb Code     0  startup_stm32f40_41xxx.o(.text)
    EXTI4_IRQHandler                         0x0800034b   Thumb Code     0  startup_stm32f40_41xxx.o(.text)
    EXTI9_5_IRQHandler                       0x0800034b   Thumb Code     0  startup_stm32f40_41xxx.o(.text)
    FLASH_IRQHandler                         0x0800034b   Thumb Code     0  startup_stm32f40_41xxx.o(.text)
    FPU_IRQHandler                           0x0800034b   Thumb Code     0  startup_stm32f40_41xxx.o(.text)
    FSMC_IRQHandler                          0x0800034b   Thumb Code     0  startup_stm32f40_41xxx.o(.text)
    HASH_RNG_IRQHandler                      0x0800034b   Thumb Code     0  startup_stm32f40_41xxx.o(.text)
    I2C1_ER_IRQHandler                       0x0800034b   Thumb Code     0  startup_stm32f40_41xxx.o(.text)
    I2C1_EV_IRQHandler                       0x0800034b   Thumb Code     0  startup_stm32f40_41xxx.o(.text)
    I2C2_ER_IRQHandler                       0x0800034b   Thumb Code     0  startup_stm32f40_41xxx.o(.text)
    I2C2_EV_IRQHandler                       0x0800034b   Thumb Code     0  startup_stm32f40_41xxx.o(.text)
    I2C3_ER_IRQHandler                       0x0800034b   Thumb Code     0  startup_stm32f40_41xxx.o(.text)
    I2C3_EV_IRQHandler                       0x0800034b   Thumb Code     0  startup_stm32f40_41xxx.o(.text)
    OTG_FS_IRQHandler                        0x0800034b   Thumb Code     0  startup_stm32f40_41xxx.o(.text)
    OTG_FS_WKUP_IRQHandler                   0x0800034b   Thumb Code     0  startup_stm32f40_41xxx.o(.text)
    OTG_HS_EP1_IN_IRQHandler                 0x0800034b   Thumb Code     0  startup_stm32f40_41xxx.o(.text)
    OTG_HS_EP1_OUT_IRQHandler                0x0800034b   Thumb Code     0  startup_stm32f40_41xxx.o(.text)
    OTG_HS_IRQHandler                        0x0800034b   Thumb Code     0  startup_stm32f40_41xxx.o(.text)
    OTG_HS_WKUP_IRQHandler                   0x0800034b   Thumb Code     0  startup_stm32f40_41xxx.o(.text)
    PVD_IRQHandler                           0x0800034b   Thumb Code     0  startup_stm32f40_41xxx.o(.text)
    RCC_IRQHandler                           0x0800034b   Thumb Code     0  startup_stm32f40_41xxx.o(.text)
    SDIO_IRQHandler                          0x0800034b   Thumb Code     0  startup_stm32f40_41xxx.o(.text)
    SPI1_IRQHandler                          0x0800034b   Thumb Code     0  startup_stm32f40_41xxx.o(.text)
    SPI2_IRQHandler                          0x0800034b   Thumb Code     0  startup_stm32f40_41xxx.o(.text)
    SPI3_IRQHandler                          0x0800034b   Thumb Code     0  startup_stm32f40_41xxx.o(.text)
    TAMP_STAMP_IRQHandler                    0x0800034b   Thumb Code     0  startup_stm32f40_41xxx.o(.text)
    TIM1_BRK_TIM9_IRQHandler                 0x0800034b   Thumb Code     0  startup_stm32f40_41xxx.o(.text)
    TIM1_CC_IRQHandler                       0x0800034b   Thumb Code     0  startup_stm32f40_41xxx.o(.text)
    TIM1_TRG_COM_TIM11_IRQHandler            0x0800034b   Thumb Code     0  startup_stm32f40_41xxx.o(.text)
    TIM1_UP_TIM10_IRQHandler                 0x0800034b   Thumb Code     0  startup_stm32f40_41xxx.o(.text)
    TIM2_IRQHandler                          0x0800034b   Thumb Code     0  startup_stm32f40_41xxx.o(.text)
    TIM3_IRQHandler                          0x0800034b   Thumb Code     0  startup_stm32f40_41xxx.o(.text)
    TIM4_IRQHandler                          0x0800034b   Thumb Code     0  startup_stm32f40_41xxx.o(.text)
    TIM5_IRQHandler                          0x0800034b   Thumb Code     0  startup_stm32f40_41xxx.o(.text)
    TIM6_DAC_IRQHandler                      0x0800034b   Thumb Code     0  startup_stm32f40_41xxx.o(.text)
    TIM7_IRQHandler                          0x0800034b   Thumb Code     0  startup_stm32f40_41xxx.o(.text)
    TIM8_BRK_TIM12_IRQHandler                0x0800034b   Thumb Code     0  startup_stm32f40_41xxx.o(.text)
    TIM8_CC_IRQHandler                       0x0800034b   Thumb Code     0  startup_stm32f40_41xxx.o(.text)
    TIM8_TRG_COM_TIM14_IRQHandler            0x0800034b   Thumb Code     0  startup_stm32f40_41xxx.o(.text)
    TIM8_UP_TIM13_IRQHandler                 0x0800034b   Thumb Code     0  startup_stm32f40_41xxx.o(.text)
    UART4_IRQHandler                         0x0800034b   Thumb Code     0  startup_stm32f40_41xxx.o(.text)
    UART5_IRQHandler                         0x0800034b   Thumb Code     0  startup_stm32f40_41xxx.o(.text)
    USART2_IRQHandler                        0x0800034b   Thumb Code     0  startup_stm32f40_41xxx.o(.text)
    USART3_IRQHandler                        0x0800034b   Thumb Code     0  startup_stm32f40_41xxx.o(.text)
    USART6_IRQHandler                        0x0800034b   Thumb Code     0  startup_stm32f40_41xxx.o(.text)
    WWDG_IRQHandler                          0x0800034b   Thumb Code     0  startup_stm32f40_41xxx.o(.text)
    __user_initial_stackheap                 0x0800034d   Thumb Code     0  startup_stm32f40_41xxx.o(.text)
    __use_no_semihosting                     0x08000371   Thumb Code     2  use_no_semi_2.o(.text)
    __aeabi_ldivmod                          0x08000373   Thumb Code     0  llsdiv.o(.text)
    _ll_sdiv                                 0x08000373   Thumb Code    72  llsdiv.o(.text)
    __2printf                                0x080003bd   Thumb Code    20  noretval__2printf.o(.text)
    __2sprintf                               0x080003d5   Thumb Code    34  noretval__2sprintf.o(.text)
    _printf_pre_padding                      0x080003fd   Thumb Code    44  _printf_pad.o(.text)
    _printf_post_padding                     0x08000429   Thumb Code    34  _printf_pad.o(.text)
    _printf_str                              0x0800044b   Thumb Code    82  _printf_str.o(.text)
    _printf_int_dec                          0x0800049d   Thumb Code   104  _printf_dec.o(.text)
    __printf                                 0x08000515   Thumb Code   308  __printf_flags_wp.o(.text)
    memcmp                                   0x0800064d   Thumb Code    88  memcmp.o(.text)
    __aeabi_memcpy                           0x080006a5   Thumb Code     0  rt_memcpy_v6.o(.text)
    __rt_memcpy                              0x080006a5   Thumb Code   138  rt_memcpy_v6.o(.text)
    _memcpy_lastbytes                        0x0800070b   Thumb Code     0  rt_memcpy_v6.o(.text)
    __aeabi_memset                           0x0800072f   Thumb Code    16  aeabi_memset.o(.text)
    __use_two_region_memory                  0x0800073f   Thumb Code     2  heapauxi.o(.text)
    __rt_heap_escrow$2region                 0x08000741   Thumb Code     2  heapauxi.o(.text)
    __rt_heap_expand$2region                 0x08000743   Thumb Code     2  heapauxi.o(.text)
    __I$use$semihosting                      0x08000745   Thumb Code     0  use_no_semi.o(.text)
    __use_no_semihosting_swi                 0x08000745   Thumb Code     2  use_no_semi.o(.text)
    __aeabi_uldivmod                         0x08000747   Thumb Code     0  lludivv7m.o(.text)
    _ll_udiv                                 0x08000747   Thumb Code   238  lludivv7m.o(.text)
    __read_errno                             0x08000835   Thumb Code    10  _rserrno.o(.text)
    __set_errno                              0x0800083f   Thumb Code    12  _rserrno.o(.text)
    _printf_int_common                       0x0800084b   Thumb Code   178  _printf_intcommon.o(.text)
    _printf_char_common                      0x08000907   Thumb Code    32  _printf_char_common.o(.text)
    _sputc                                   0x0800092d   Thumb Code    10  _sputc.o(.text)
    _printf_cs_common                        0x08000937   Thumb Code    20  _printf_char.o(.text)
    _printf_char                             0x0800094b   Thumb Code    16  _printf_char.o(.text)
    _printf_string                           0x0800095b   Thumb Code     8  _printf_char.o(.text)
    _printf_char_file                        0x08000965   Thumb Code    32  _printf_char_file.o(.text)
    __aeabi_memcpy4                          0x08000989   Thumb Code     0  rt_memcpy_w.o(.text)
    __aeabi_memcpy8                          0x08000989   Thumb Code     0  rt_memcpy_w.o(.text)
    __rt_memcpy_w                            0x08000989   Thumb Code   100  rt_memcpy_w.o(.text)
    _memcpy_lastbytes_aligned                0x080009d1   Thumb Code     0  rt_memcpy_w.o(.text)
    __aeabi_memclr                           0x080009ed   Thumb Code     0  rt_memclr.o(.text)
    __rt_memclr                              0x080009ed   Thumb Code    68  rt_memclr.o(.text)
    _memset                                  0x080009f1   Thumb Code     0  rt_memclr.o(.text)
    __aeabi_errno_addr                       0x08000a31   Thumb Code     8  rt_errno_addr_intlibspace.o(.text)
    __errno$intlibspace                      0x08000a31   Thumb Code     0  rt_errno_addr_intlibspace.o(.text)
    __rt_errno_addr$intlibspace              0x08000a31   Thumb Code     0  rt_errno_addr_intlibspace.o(.text)
    ferror                                   0x08000a39   Thumb Code     8  ferror.o(.text)
    __aeabi_memclr4                          0x08000a41   Thumb Code     0  rt_memclr_w.o(.text)
    __aeabi_memclr8                          0x08000a41   Thumb Code     0  rt_memclr_w.o(.text)
    __rt_memclr_w                            0x08000a41   Thumb Code    78  rt_memclr_w.o(.text)
    _memset_w                                0x08000a45   Thumb Code     0  rt_memclr_w.o(.text)
    __user_libspace                          0x08000a91   Thumb Code     8  libspace.o(.text)
    __user_perproc_libspace                  0x08000a91   Thumb Code     0  libspace.o(.text)
    __user_perthread_libspace                0x08000a91   Thumb Code     0  libspace.o(.text)
    __user_setup_stackheap                   0x08000a99   Thumb Code    74  sys_stackheap_outer.o(.text)
    exit                                     0x08000ae3   Thumb Code    18  exit.o(.text)
    BusFault_Handler                         0x08000af5   Thumb Code     2  stm32f4xx_it.o(i.BusFault_Handler)
    COMMAND_JUDGE                            0x08000af7   Thumb Code    26  main.o(i.COMMAND_JUDGE)
    Cmd_Write_BH1750                         0x08000b11   Thumb Code    50  bh1750.o(i.Cmd_Write_BH1750)
    Convert_BH1750                           0x08000b45   Thumb Code    42  bh1750.o(i.Convert_BH1750)
    DHT11_Check                              0x08000b7d   Thumb Code    86  dht11.o(i.DHT11_Check)
    DHT11_Init                               0x08000bdd   Thumb Code    56  dht11.o(i.DHT11_Init)
    DHT11_Read_Bit                           0x08000c19   Thumb Code    72  dht11.o(i.DHT11_Read_Bit)
    DHT11_Read_Byte                          0x08000c65   Thumb Code    26  dht11.o(i.DHT11_Read_Byte)
    DHT11_Read_Data                          0x08000c7f   Thumb Code    80  dht11.o(i.DHT11_Read_Data)
    DHT11_Rst                                0x08000cd1   Thumb Code    46  dht11.o(i.DHT11_Rst)
    DebugMon_Handler                         0x08000d09   Thumb Code     2  stm32f4xx_it.o(i.DebugMon_Handler)
    EXTI_ClearITPendingBit                   0x08000d0d   Thumb Code     6  stm32f4xx_exti.o(i.EXTI_ClearITPendingBit)
    GPIO_Init                                0x08000d19   Thumb Code   124  stm32f4xx_gpio.o(i.GPIO_Init)
    GPIO_PinAFConfig                         0x08000d95   Thumb Code    32  stm32f4xx_gpio.o(i.GPIO_PinAFConfig)
    GPIO_ReadInputDataBit                    0x08000db5   Thumb Code    14  stm32f4xx_gpio.o(i.GPIO_ReadInputDataBit)
    GPIO_ResetBits                           0x08000dc3   Thumb Code     4  stm32f4xx_gpio.o(i.GPIO_ResetBits)
    GPIO_SetBits                             0x08000dc7   Thumb Code     4  stm32f4xx_gpio.o(i.GPIO_SetBits)
    HardFault_Handler                        0x08000dcb   Thumb Code     2  stm32f4xx_it.o(i.HardFault_Handler)
    IIC_Ack                                  0x08000dcd   Thumb Code    48  myiic.o(i.IIC_Ack)
    IIC_B_Ack                                0x08000e05   Thumb Code    48  myiic_b.o(i.IIC_B_Ack)
    IIC_B_Init                               0x08000e3d   Thumb Code    54  myiic_b.o(i.IIC_B_Init)
    IIC_B_NAck                               0x08000e7d   Thumb Code    48  myiic_b.o(i.IIC_B_NAck)
    IIC_B_Read_Byte                          0x08000eb5   Thumb Code    96  myiic_b.o(i.IIC_B_Read_Byte)
    IIC_B_Send_Byte                          0x08000f1d   Thumb Code    86  myiic_b.o(i.IIC_B_Send_Byte)
    IIC_B_Start                              0x08000f7d   Thumb Code    48  myiic_b.o(i.IIC_B_Start)
    IIC_B_Stop                               0x08000fb5   Thumb Code    50  myiic_b.o(i.IIC_B_Stop)
    IIC_B_Wait_Ack                           0x08000ff1   Thumb Code    74  myiic_b.o(i.IIC_B_Wait_Ack)
    IIC_Init                                 0x08001045   Thumb Code    52  myiic.o(i.IIC_Init)
    IIC_NAck                                 0x08001081   Thumb Code    48  myiic.o(i.IIC_NAck)
    IIC_Read_Byte                            0x080010b9   Thumb Code    96  myiic.o(i.IIC_Read_Byte)
    IIC_Send_Byte                            0x08001121   Thumb Code    86  myiic.o(i.IIC_Send_Byte)
    IIC_Start                                0x08001181   Thumb Code    48  myiic.o(i.IIC_Start)
    IIC_Stop                                 0x080011b9   Thumb Code    50  myiic.o(i.IIC_Stop)
    IIC_Wait_Ack                             0x080011f5   Thumb Code    74  myiic.o(i.IIC_Wait_Ack)
    KEY_Init                                 0x08001249   Thumb Code    58  key.o(i.KEY_Init)
    KEY_Scan                                 0x0800128d   Thumb Code   190  key.o(i.KEY_Scan)
    LCD_Address_Set                          0x08001359   Thumb Code    66  lcd_init.o(i.LCD_Address_Set)
    LCD_DrawLine                             0x0800139b   Thumb Code   154  lcd.o(i.LCD_DrawLine)
    LCD_DrawPoint                            0x08001435   Thumb Code    22  lcd.o(i.LCD_DrawPoint)
    LCD_Fill                                 0x0800144b   Thumb Code    64  lcd.o(i.LCD_Fill)
    LCD_GPIO_Init                            0x0800148d   Thumb Code   146  lcd_init.o(i.LCD_GPIO_Init)
    LCD_Init                                 0x0800152d   Thumb Code   504  lcd_init.o(i.LCD_Init)
    LCD_ShowChar                             0x0800172d   Thumb Code   266  lcd.o(i.LCD_ShowChar)
    LCD_ShowIntNum                           0x08001849   Thumb Code   132  lcd.o(i.LCD_ShowIntNum)
    LCD_ShowString                           0x080018cd   Thumb Code    54  lcd.o(i.LCD_ShowString)
    LCD_WR_DATA                              0x08001903   Thumb Code    20  lcd_init.o(i.LCD_WR_DATA)
    LCD_WR_DATA8                             0x08001917   Thumb Code     4  lcd_init.o(i.LCD_WR_DATA8)
    LCD_WR_REG                               0x0800191d   Thumb Code    36  lcd_init.o(i.LCD_WR_REG)
    LCD_Writ_Bus                             0x08001945   Thumb Code    88  lcd_init.o(i.LCD_Writ_Bus)
    LED_Init                                 0x080019a5   Thumb Code    58  led.o(i.LED_Init)
    MPU_Read_Len                             0x080019e5   Thumb Code   112  mpu6050.o(i.MPU_Read_Len)
    MPU_Write_Len                            0x08001a55   Thumb Code    90  mpu6050.o(i.MPU_Write_Len)
    MemManage_Handler                        0x08001aaf   Thumb Code     2  stm32f4xx_it.o(i.MemManage_Handler)
    My_RTC_Init                              0x08001ab1   Thumb Code   136  rtc.o(i.My_RTC_Init)
    NMI_Handler                              0x08001b39   Thumb Code     2  stm32f4xx_it.o(i.NMI_Handler)
    NVIC_Init                                0x08001b3d   Thumb Code    98  misc.o(i.NVIC_Init)
    NVIC_PriorityGroupConfig                 0x08001ba5   Thumb Code    10  misc.o(i.NVIC_PriorityGroupConfig)
    PWR_BackupAccessCmd                      0x08001bb9   Thumb Code     6  stm32f4xx_pwr.o(i.PWR_BackupAccessCmd)
    RCC_AHB1PeriphClockCmd                   0x08001bc5   Thumb Code    22  stm32f4xx_rcc.o(i.RCC_AHB1PeriphClockCmd)
    RCC_APB1PeriphClockCmd                   0x08001be1   Thumb Code    22  stm32f4xx_rcc.o(i.RCC_APB1PeriphClockCmd)
    RCC_APB2PeriphClockCmd                   0x08001bfd   Thumb Code    22  stm32f4xx_rcc.o(i.RCC_APB2PeriphClockCmd)
    RCC_APB2PeriphResetCmd                   0x08001c19   Thumb Code    22  stm32f4xx_rcc.o(i.RCC_APB2PeriphResetCmd)
    RCC_GetClocksFreq                        0x08001c35   Thumb Code   148  stm32f4xx_rcc.o(i.RCC_GetClocksFreq)
    RCC_GetFlagStatus                        0x08001cd5   Thumb Code    50  stm32f4xx_rcc.o(i.RCC_GetFlagStatus)
    RCC_LSEConfig                            0x08001d0d   Thumb Code    28  stm32f4xx_rcc.o(i.RCC_LSEConfig)
    RCC_RTCCLKCmd                            0x08001d2d   Thumb Code     6  stm32f4xx_rcc.o(i.RCC_RTCCLKCmd)
    RCC_RTCCLKConfig                         0x08001d39   Thumb Code    40  stm32f4xx_rcc.o(i.RCC_RTCCLKConfig)
    RTC_Alarm_IRQHandler                     0x08001d69   Thumb Code    34  rtc.o(i.RTC_Alarm_IRQHandler)
    RTC_ClearFlag                            0x08001db5   Thumb Code    22  stm32f4xx_rtc.o(i.RTC_ClearFlag)
    RTC_EnterInitMode                        0x08001dd1   Thumb Code    62  stm32f4xx_rtc.o(i.RTC_EnterInitMode)
    RTC_ExitInitMode                         0x08001e15   Thumb Code    12  stm32f4xx_rtc.o(i.RTC_ExitInitMode)
    RTC_GetFlagStatus                        0x08001e25   Thumb Code    20  stm32f4xx_rtc.o(i.RTC_GetFlagStatus)
    RTC_GetTime                              0x08001e41   Thumb Code    68  stm32f4xx_rtc.o(i.RTC_GetTime)
    RTC_Init                                 0x08001e8d   Thumb Code    74  stm32f4xx_rtc.o(i.RTC_Init)
    RTC_ReadBackupRegister                   0x08001edd   Thumb Code    16  stm32f4xx_rtc.o(i.RTC_ReadBackupRegister)
    RTC_SetDate                              0x08001ef1   Thumb Code   156  stm32f4xx_rtc.o(i.RTC_SetDate)
    RTC_SetTime                              0x08001f95   Thumb Code   160  stm32f4xx_rtc.o(i.RTC_SetTime)
    RTC_Set_Date                             0x0800203d   Thumb Code    28  rtc.o(i.RTC_Set_Date)
    RTC_Set_Time                             0x08002059   Thumb Code    28  rtc.o(i.RTC_Set_Time)
    RTC_WKUP_IRQHandler                      0x08002075   Thumb Code    34  rtc.o(i.RTC_WKUP_IRQHandler)
    RTC_WaitForSynchro                       0x08002099   Thumb Code    72  stm32f4xx_rtc.o(i.RTC_WaitForSynchro)
    RTC_WriteBackupRegister                  0x080020e5   Thumb Code    16  stm32f4xx_rtc.o(i.RTC_WriteBackupRegister)
    Read_BH1750                              0x080020f9   Thumb Code    52  bh1750.o(i.Read_BH1750)
    SPI1_Init                                0x08002131   Thumb Code   186  spi.o(i.SPI1_Init)
    SPI1_ReadWriteByte                       0x080021f5   Thumb Code    48  spi.o(i.SPI1_ReadWriteByte)
    SPI1_SetSpeed                            0x08002229   Thumb Code    24  spi.o(i.SPI1_SetSpeed)
    SPI_Cmd                                  0x08002245   Thumb Code    24  stm32f4xx_spi.o(i.SPI_Cmd)
    SPI_I2S_GetFlagStatus                    0x0800225d   Thumb Code    14  stm32f4xx_spi.o(i.SPI_I2S_GetFlagStatus)
    SPI_I2S_ReceiveData                      0x0800226b   Thumb Code     4  stm32f4xx_spi.o(i.SPI_I2S_ReceiveData)
    SPI_I2S_SendData                         0x0800226f   Thumb Code     4  stm32f4xx_spi.o(i.SPI_I2S_SendData)
    SPI_Init                                 0x08002273   Thumb Code    56  stm32f4xx_spi.o(i.SPI_Init)
    Start_BH1750                             0x08002365   Thumb Code    24  bh1750.o(i.Start_BH1750)
    SysTick_CLKSourceConfig                  0x0800237d   Thumb Code    28  misc.o(i.SysTick_CLKSourceConfig)
    SysTick_Handler                          0x08002399   Thumb Code    20  delay.o(i.SysTick_Handler)
    SystemInit                               0x080023ad   Thumb Code    74  system_stm32f4xx.o(i.SystemInit)
    TaskBH1750                               0x08002409   Thumb Code    26  bh1750.o(i.TaskBH1750)
    USART1_IRQHandler                        0x08002429   Thumb Code    92  usart.o(i.USART1_IRQHandler)
    USART_Cmd                                0x08002491   Thumb Code    24  stm32f4xx_usart.o(i.USART_Cmd)
    USART_GetITStatus                        0x080024a9   Thumb Code    64  stm32f4xx_usart.o(i.USART_GetITStatus)
    USART_ITConfig                           0x080024e9   Thumb Code    54  stm32f4xx_usart.o(i.USART_ITConfig)
    USART_Init                               0x08002521   Thumb Code   180  stm32f4xx_usart.o(i.USART_Init)
    USART_ReceiveData                        0x080025dd   Thumb Code     8  stm32f4xx_usart.o(i.USART_ReceiveData)
    UsageFault_Handler                       0x080025e5   Thumb Code     2  stm32f4xx_it.o(i.UsageFault_Handler)
    W25QXX_Erase_Sector                      0x080025e9   Thumb Code    58  w25qxx.o(i.W25QXX_Erase_Sector)
    W25QXX_Init                              0x08002629   Thumb Code   100  w25qxx.o(i.W25QXX_Init)
    W25QXX_Read                              0x0800269d   Thumb Code    76  w25qxx.o(i.W25QXX_Read)
    W25QXX_ReadID                            0x080026ed   Thumb Code    56  w25qxx.o(i.W25QXX_ReadID)
    W25QXX_ReadSR                            0x08002729   Thumb Code    26  w25qxx.o(i.W25QXX_ReadSR)
    W25QXX_Wait_Busy                         0x08002749   Thumb Code    12  w25qxx.o(i.W25QXX_Wait_Busy)
    W25QXX_Write                             0x08002755   Thumb Code   158  w25qxx.o(i.W25QXX_Write)
    W25QXX_Write_Enable                      0x080027f9   Thumb Code    20  w25qxx.o(i.W25QXX_Write_Enable)
    W25QXX_Write_NoCheck                     0x08002811   Thumb Code    62  w25qxx.o(i.W25QXX_Write_NoCheck)
    W25QXX_Write_Page                        0x08002851   Thumb Code    82  w25qxx.o(i.W25QXX_Write_Page)
    __ARM_fpclassify                         0x080028a9   Thumb Code    48  fpclassify.o(i.__ARM_fpclassify)
    __hardfp_asin                            0x080028d9   Thumb Code   770  asin.o(i.__hardfp_asin)
    __hardfp_atan                            0x08002c39   Thumb Code   622  atan.o(i.__hardfp_atan)
    __hardfp_atan2                           0x08002f11   Thumb Code   432  atan2.o(i.__hardfp_atan2)
    __kernel_poly                            0x08003101   Thumb Code   248  poly.o(i.__kernel_poly)
    __mathlib_dbl_infnan                     0x080031f9   Thumb Code    20  dunder.o(i.__mathlib_dbl_infnan)
    __mathlib_dbl_infnan2                    0x0800320d   Thumb Code    20  dunder.o(i.__mathlib_dbl_infnan2)
    __mathlib_dbl_invalid                    0x08003221   Thumb Code    24  dunder.o(i.__mathlib_dbl_invalid)
    __mathlib_dbl_underflow                  0x08003241   Thumb Code    24  dunder.o(i.__mathlib_dbl_underflow)
    _is_digit                                0x08003261   Thumb Code    14  __printf_wp.o(i._is_digit)
    _sys_exit                                0x0800326f   Thumb Code     2  usart.o(i._sys_exit)
    atan                                     0x08003305   Thumb Code    16  atan.o(i.atan)
    bh1750_task                              0x08003315   Thumb Code    26  main.o(i.bh1750_task)
    delay_init                               0x08003371   Thumb Code    48  delay.o(i.delay_init)
    delay_ms                                 0x080033a5   Thumb Code    52  delay.o(i.delay_ms)
    delay_us                                 0x080033dd   Thumb Code    50  delay.o(i.delay_us)
    dmp_enable_6x_lp_quat                    0x08003415   Thumb Code    60  inv_mpu_dmp_motion_driver.o(i.dmp_enable_6x_lp_quat)
    dmp_enable_feature                       0x08003451   Thumb Code   484  inv_mpu_dmp_motion_driver.o(i.dmp_enable_feature)
    dmp_enable_gyro_cal                      0x0800363d   Thumb Code    62  inv_mpu_dmp_motion_driver.o(i.dmp_enable_gyro_cal)
    dmp_enable_lp_quat                       0x08003695   Thumb Code    60  inv_mpu_dmp_motion_driver.o(i.dmp_enable_lp_quat)
    dmp_load_motion_driver_firmware          0x080036d1   Thumb Code    16  inv_mpu_dmp_motion_driver.o(i.dmp_load_motion_driver_firmware)
    dmp_read_fifo                            0x080036e5   Thumb Code   384  inv_mpu_dmp_motion_driver.o(i.dmp_read_fifo)
    dmp_set_accel_bias                       0x08003869   Thumb Code   262  inv_mpu_dmp_motion_driver.o(i.dmp_set_accel_bias)
    dmp_set_fifo_rate                        0x08003975   Thumb Code    96  inv_mpu_dmp_motion_driver.o(i.dmp_set_fifo_rate)
    dmp_set_gyro_bias                        0x080039e5   Thumb Code   256  inv_mpu_dmp_motion_driver.o(i.dmp_set_gyro_bias)
    dmp_set_orientation                      0x08003aed   Thumb Code   260  inv_mpu_dmp_motion_driver.o(i.dmp_set_orientation)
    dmp_set_shake_reject_thresh              0x08003c05   Thumb Code    48  inv_mpu_dmp_motion_driver.o(i.dmp_set_shake_reject_thresh)
    dmp_set_shake_reject_time                0x08003c35   Thumb Code    32  inv_mpu_dmp_motion_driver.o(i.dmp_set_shake_reject_time)
    dmp_set_shake_reject_timeout             0x08003c55   Thumb Code    32  inv_mpu_dmp_motion_driver.o(i.dmp_set_shake_reject_timeout)
    dmp_set_tap_axes                         0x08003c75   Thumb Code    56  inv_mpu_dmp_motion_driver.o(i.dmp_set_tap_axes)
    dmp_set_tap_count                        0x08003cad   Thumb Code    34  inv_mpu_dmp_motion_driver.o(i.dmp_set_tap_count)
    dmp_set_tap_thresh                       0x08003cd1   Thumb Code   376  inv_mpu_dmp_motion_driver.o(i.dmp_set_tap_thresh)
    dmp_set_tap_time                         0x08003e6d   Thumb Code    32  inv_mpu_dmp_motion_driver.o(i.dmp_set_tap_time)
    dmp_set_tap_time_multi                   0x08003e8d   Thumb Code    32  inv_mpu_dmp_motion_driver.o(i.dmp_set_tap_time_multi)
    fabs                                     0x08003ead   Thumb Code    24  fabs.o(i.fabs)
    flash_task                               0x08003ec5   Thumb Code   150  main.o(i.flash_task)
    fputc                                    0x08003fa5   Thumb Code    14  usart.o(i.fputc)
    inv_orientation_matrix_to_scalar         0x08004521   Thumb Code    36  inv_mpu.o(i.inv_orientation_matrix_to_scalar)
    inv_row_2_scale                          0x08004545   Thumb Code    72  inv_mpu.o(i.inv_row_2_scale)
    lcd_task                                 0x0800458d   Thumb Code   560  main.o(i.lcd_task)
    main                                     0x080047d1   Thumb Code   530  main.o(i.main)
    mget_ms                                  0x08004a5d   Thumb Code     2  inv_mpu.o(i.mget_ms)
    mpu6050_task                             0x08004a61   Thumb Code    18  main.o(i.mpu6050_task)
    mpu_configure_fifo                       0x08004a79   Thumb Code    90  inv_mpu.o(i.mpu_configure_fifo)
    mpu_dmp_get_data                         0x08004ad9   Thumb Code   344  inv_mpu.o(i.mpu_dmp_get_data)
    mpu_dmp_init                             0x08004c3d   Thumb Code   144  inv_mpu.o(i.mpu_dmp_init)
    mpu_get_accel_fsr                        0x08004cd1   Thumb Code    62  inv_mpu.o(i.mpu_get_accel_fsr)
    mpu_get_accel_sens                       0x08004d15   Thumb Code    70  inv_mpu.o(i.mpu_get_accel_sens)
    mpu_get_fifo_config                      0x08004d61   Thumb Code    10  inv_mpu.o(i.mpu_get_fifo_config)
    mpu_get_gyro_fsr                         0x08004d71   Thumb Code    58  inv_mpu.o(i.mpu_get_gyro_fsr)
    mpu_get_gyro_sens                        0x08004db1   Thumb Code    68  inv_mpu.o(i.mpu_get_gyro_sens)
    mpu_get_lpf                              0x08004e09   Thumb Code    64  inv_mpu.o(i.mpu_get_lpf)
    mpu_get_sample_rate                      0x08004e4d   Thumb Code    24  inv_mpu.o(i.mpu_get_sample_rate)
    mpu_init                                 0x08004e69   Thumb Code   346  inv_mpu.o(i.mpu_init)
    mpu_load_firmware                        0x08005015   Thumb Code   174  inv_mpu.o(i.mpu_load_firmware)
    mpu_lp_accel_mode                        0x080050c9   Thumb Code   204  inv_mpu.o(i.mpu_lp_accel_mode)
    mpu_read_fifo_stream                     0x08005199   Thumb Code   166  inv_mpu.o(i.mpu_read_fifo_stream)
    mpu_read_mem                             0x08005245   Thumb Code   106  inv_mpu.o(i.mpu_read_mem)
    mpu_reset_fifo                           0x080052b5   Thumb Code   360  inv_mpu.o(i.mpu_reset_fifo)
    mpu_run_self_test                        0x08005421   Thumb Code   244  inv_mpu.o(i.mpu_run_self_test)
    mpu_set_accel_fsr                        0x08005519   Thumb Code   110  inv_mpu.o(i.mpu_set_accel_fsr)
    mpu_set_bypass                           0x0800558d   Thumb Code   276  inv_mpu.o(i.mpu_set_bypass)
    mpu_set_dmp_state                        0x080056a5   Thumb Code   118  inv_mpu.o(i.mpu_set_dmp_state)
    mpu_set_gyro_fsr                         0x08005721   Thumb Code   116  inv_mpu.o(i.mpu_set_gyro_fsr)
    mpu_set_int_latched                      0x08005799   Thumb Code    92  inv_mpu.o(i.mpu_set_int_latched)
    mpu_set_lpf                              0x080057f9   Thumb Code   118  inv_mpu.o(i.mpu_set_lpf)
    mpu_set_sample_rate                      0x08005875   Thumb Code   126  inv_mpu.o(i.mpu_set_sample_rate)
    mpu_set_sensors                          0x080058f9   Thumb Code   172  inv_mpu.o(i.mpu_set_sensors)
    mpu_write_mem                            0x080059a9   Thumb Code   106  inv_mpu.o(i.mpu_write_mem)
    mypow                                    0x08005a19   Thumb Code    16  lcd.o(i.mypow)
    pvPortMalloc                             0x080063b5   Thumb Code   206  heap_4.o(i.pvPortMalloc)
    pvTaskIncrementMutexHeldCount            0x080064c1   Thumb Code    20  tasks.o(i.pvTaskIncrementMutexHeldCount)
    pxPortInitialiseStack                    0x080064d9   Thumb Code    30  port.o(i.pxPortInitialiseStack)
    run_self_test                            0x080064fd   Thumb Code   136  inv_mpu.o(i.run_self_test)
    sqrt                                     0x080065f9   Thumb Code   110  sqrt.o(i.sqrt)
    start_task                               0x08006669   Thumb Code   136  main.o(i.start_task)
    uart_init                                0x08006751   Thumb Code   164  usart.o(i.uart_init)
    usart_trans_task                         0x080067fd   Thumb Code   406  main.o(i.usart_trans_task)
    uxListRemove                             0x080069d5   Thumb Code    36  list.o(i.uxListRemove)
    vListInitialise                          0x080069f9   Thumb Code    22  list.o(i.vListInitialise)
    vListInitialiseItem                      0x08006a0f   Thumb Code     6  list.o(i.vListInitialiseItem)
    vListInsert                              0x08006a15   Thumb Code    48  list.o(i.vListInsert)
    vListInsertEnd                           0x08006a45   Thumb Code    24  list.o(i.vListInsertEnd)
    vPortEnterCritical                       0x08006a5d   Thumb Code    50  port.o(i.vPortEnterCritical)
    vPortExitCritical                        0x08006ad5   Thumb Code    38  port.o(i.vPortExitCritical)
    vPortFree                                0x08006b3d   Thumb Code    94  heap_4.o(i.vPortFree)
    vPortSetupTimerInterrupt                 0x08006bd9   Thumb Code    26  port.o(i.vPortSetupTimerInterrupt)
    vPortValidateInterruptPriority           0x08006bf9   Thumb Code    70  port.o(i.vPortValidateInterruptPriority)
    vQueueAddToRegistry                      0x08006c85   Thumb Code    32  queue.o(i.vQueueAddToRegistry)
    vQueueWaitForMessageRestricted           0x08006ca9   Thumb Code    70  queue.o(i.vQueueWaitForMessageRestricted)
    vTaskDelay                               0x08006cf1   Thumb Code    66  tasks.o(i.vTaskDelay)
    vTaskDelete                              0x08006d61   Thumb Code   152  tasks.o(i.vTaskDelete)
    vTaskMissedYield                         0x08006e2d   Thumb Code     8  tasks.o(i.vTaskMissedYield)
    vTaskPlaceOnEventList                    0x08006e39   Thumb Code    46  tasks.o(i.vTaskPlaceOnEventList)
    vTaskPlaceOnEventListRestricted          0x08006e91   Thumb Code    54  tasks.o(i.vTaskPlaceOnEventListRestricted)
    vTaskPriorityInherit                     0x08006ef1   Thumb Code   126  tasks.o(i.vTaskPriorityInherit)
    vTaskResume                              0x08006f79   Thumb Code   114  tasks.o(i.vTaskResume)
    vTaskSetTimeOutState                     0x0800701d   Thumb Code    32  tasks.o(i.vTaskSetTimeOutState)
    vTaskStartScheduler                      0x08007065   Thumb Code    96  tasks.o(i.vTaskStartScheduler)
    vTaskSuspend                             0x080070f9   Thumb Code   154  tasks.o(i.vTaskSuspend)
    vTaskSuspendAll                          0x080071c9   Thumb Code    10  tasks.o(i.vTaskSuspendAll)
    vTaskSwitchContext                       0x080071d9   Thumb Code    84  tasks.o(i.vTaskSwitchContext)
    xPortStartScheduler                      0x08007259   Thumb Code   192  port.o(i.xPortStartScheduler)
    xPortSysTickHandler                      0x08007369   Thumb Code    38  port.o(i.xPortSysTickHandler)
    xQueueGenericCreate                      0x08007395   Thumb Code    64  queue.o(i.xQueueGenericCreate)
    xQueueGenericReceive                     0x080073f9   Thumb Code   374  queue.o(i.xQueueGenericReceive)
    xQueueGenericReset                       0x08007599   Thumb Code   130  queue.o(i.xQueueGenericReset)
    xQueueGenericSend                        0x08007645   Thumb Code   358  queue.o(i.xQueueGenericSend)
    xQueueGenericSendFromISR                 0x080077d5   Thumb Code   200  queue.o(i.xQueueGenericSendFromISR)
    xTaskCheckForTimeOut                     0x080078c1   Thumb Code   104  tasks.o(i.xTaskCheckForTimeOut)
    xTaskCreate                              0x08007951   Thumb Code    96  tasks.o(i.xTaskCreate)
    xTaskGetSchedulerState                   0x080079b1   Thumb Code    24  tasks.o(i.xTaskGetSchedulerState)
    xTaskGetTickCount                        0x080079cd   Thumb Code     6  tasks.o(i.xTaskGetTickCount)
    xTaskIncrementTick                       0x080079d9   Thumb Code   192  tasks.o(i.xTaskIncrementTick)
    xTaskPriorityDisinherit                  0x08007ac5   Thumb Code   136  tasks.o(i.xTaskPriorityDisinherit)
    xTaskRemoveFromEventList                 0x08007b79   Thumb Code   108  tasks.o(i.xTaskRemoveFromEventList)
    xTaskResumeAll                           0x08007c15   Thumb Code   184  tasks.o(i.xTaskResumeAll)
    xTimerCreateTimerTask                    0x08007d01   Thumb Code    58  timers.o(i.xTimerCreateTimerTask)
    xTimerGenericCommand                     0x08007d75   Thumb Code   112  timers.o(i.xTimerGenericCommand)
    __aeabi_dneg                             0x08007e11   Thumb Code     0  basic.o(x$fpl$basic)
    _dneg                                    0x08007e11   Thumb Code     6  basic.o(x$fpl$basic)
    __aeabi_fneg                             0x08007e17   Thumb Code     0  basic.o(x$fpl$basic)
    _fneg                                    0x08007e17   Thumb Code     6  basic.o(x$fpl$basic)
    _dabs                                    0x08007e1d   Thumb Code     6  basic.o(x$fpl$basic)
    _fabs                                    0x08007e23   Thumb Code     6  basic.o(x$fpl$basic)
    __aeabi_d2f                              0x08007e29   Thumb Code     0  d2f.o(x$fpl$d2f)
    _d2f                                     0x08007e29   Thumb Code    98  d2f.o(x$fpl$d2f)
    __aeabi_dadd                             0x08007e8d   Thumb Code     0  daddsub_clz.o(x$fpl$dadd)
    _dadd                                    0x08007e8d   Thumb Code   332  daddsub_clz.o(x$fpl$dadd)
    __aeabi_ddiv                             0x08007fdd   Thumb Code     0  ddiv.o(x$fpl$ddiv)
    _ddiv                                    0x08007fdd   Thumb Code   552  ddiv.o(x$fpl$ddiv)
    __aeabi_d2iz                             0x0800828d   Thumb Code     0  dfix.o(x$fpl$dfix)
    _dfix                                    0x0800828d   Thumb Code    94  dfix.o(x$fpl$dfix)
    __aeabi_ui2d                             0x080082eb   Thumb Code     0  dflt_clz.o(x$fpl$dfltu)
    _dfltu                                   0x080082eb   Thumb Code    38  dflt_clz.o(x$fpl$dfltu)
    __aeabi_dmul                             0x08008311   Thumb Code     0  dmul.o(x$fpl$dmul)
    _dmul                                    0x08008311   Thumb Code   332  dmul.o(x$fpl$dmul)
    __fpl_dnaninf                            0x08008465   Thumb Code   156  dnaninf.o(x$fpl$dnaninf)
    __fpl_dretinf                            0x08008501   Thumb Code    12  dretinf.o(x$fpl$dretinf)
    __aeabi_drsub                            0x0800850d   Thumb Code     0  daddsub_clz.o(x$fpl$drsb)
    _drsb                                    0x0800850d   Thumb Code    22  daddsub_clz.o(x$fpl$drsb)
    _dsqrt                                   0x08008525   Thumb Code   404  dsqrt_umaal.o(x$fpl$dsqrt)
    __aeabi_dsub                             0x080086bd   Thumb Code     0  daddsub_clz.o(x$fpl$dsub)
    _dsub                                    0x080086bd   Thumb Code   464  daddsub_clz.o(x$fpl$dsub)
    __aeabi_f2d                              0x08008891   Thumb Code     0  f2d.o(x$fpl$f2d)
    _f2d                                     0x08008891   Thumb Code    86  f2d.o(x$fpl$f2d)
    __fpl_fnaninf                            0x080088e7   Thumb Code   140  fnaninf.o(x$fpl$fnaninf)
    _fp_init                                 0x08008973   Thumb Code    10  fpinit.o(x$fpl$fpinit)
    __fplib_config_fpu_vfp                   0x0800897b   Thumb Code     0  fpinit.o(x$fpl$fpinit)
    __fplib_config_pureend_doubles           0x0800897b   Thumb Code     0  fpinit.o(x$fpl$fpinit)
    __fpl_fretinf                            0x0800897d   Thumb Code    10  fretinf.o(x$fpl$fretinf)
    __I$use$fp                               0x08008986   Number         0  usenofp.o(x$fpl$usenofp)
    reg                                      0x08008986   Data          27  inv_mpu.o(.constdata)
    hw                                       0x080089a2   Data          12  inv_mpu.o(.constdata)
    test                                     0x080089b0   Data          40  inv_mpu.o(.constdata)
    ascii_1206                               0x080095ce   Data        1140  lcd.o(.constdata)
    ascii_1608                               0x08009a42   Data        1520  lcd.o(.constdata)
    ascii_2412                               0x0800a032   Data        4560  lcd.o(.constdata)
    ascii_3216                               0x0800b202   Data        6080  lcd.o(.constdata)
    __mathlib_zero                           0x0800cac0   Data           8  qnan.o(.constdata)
    Region$$Table$$Base                      0x0800cb30   Number         0  anon$$obj.o(Region$$Table)
    Region$$Table$$Limit                     0x0800cb50   Number         0  anon$$obj.o(Region$$Table)
    key_                                     0x20000000   Data           1  main.o(.data)
    temp                                     0x20000001   Data           1  main.o(.data)
    humi                                     0x20000002   Data           1  main.o(.data)
    result_lux                               0x20000004   Data           4  main.o(.data)
    USART_FLAG                               0x20000008   Data           4  main.o(.data)
    ESP_STABLE                               0x2000000c   Data           4  main.o(.data)
    FLASH_SIZE                               0x20000010   Data           4  main.o(.data)
    FULL_FLAG                                0x20000014   Data           4  main.o(.data)
    TEXT_NUM                                 0x20000018   Data           4  main.o(.data)
    JD1                                      0x2000001c   Data           4  main.o(.data)
    JD2                                      0x20000020   Data           4  main.o(.data)
    J1                                       0x20000024   Data           4  main.o(.data)
    pitch                                    0x20000028   Data           4  main.o(.data)
    roll                                     0x2000002c   Data           4  main.o(.data)
    yaw                                      0x20000030   Data           4  main.o(.data)
    p_int                                    0x20000034   Data           4  main.o(.data)
    r_int                                    0x20000038   Data           4  main.o(.data)
    y_int                                    0x2000003c   Data           4  main.o(.data)
    p_flo                                    0x20000040   Data           4  main.o(.data)
    r_flo                                    0x20000044   Data           4  main.o(.data)
    y_flo                                    0x20000048   Data           4  main.o(.data)
    RTC_TimeStruct                           0x2000004c   Data           4  main.o(.data)
    RTC_TimeStruct_2                         0x20000050   Data           4  main.o(.data)
    StartTask_Handler                        0x20000054   Data           4  main.o(.data)
    BH1750Task_Handler                       0x20000058   Data           4  main.o(.data)
    MPU6050Task_Handler                      0x2000005c   Data           4  main.o(.data)
    USART_TRANS_Task_Handler                 0x20000060   Data           4  main.o(.data)
    LCDTask_Handler                          0x20000064   Data           4  main.o(.data)
    FLASHTask_Handler                        0x20000068   Data           4  main.o(.data)
    TIME_ST                                  0x2000006c   Data           9  main.o(.data)
    TEXT_Buffer                              0x20000075   Data          47  main.o(.data)
    SystemCoreClock                          0x200000a4   Data           4  system_stm32f4xx.o(.data)
    AHBPrescTable                            0x200000a8   Data          16  system_stm32f4xx.o(.data)
    BUF                                      0x200000b8   Data           2  bh1750.o(.data)
    result                                   0x200000ba   Data           2  bh1750.o(.data)
    result_lx                                0x200000bc   Data           4  bh1750.o(.data)
    W25QXX_TYPE                              0x200000f6   Data           2  w25qxx.o(.data)
    USART_RX_STA                             0x200000fc   Data           2  usart.o(.data)
    __stdout                                 0x20000100   Data           4  usart.o(.data)
    pxCurrentTCB                             0x20000114   Data           4  tasks.o(.data)
    datatemp                                 0x20000188   Data          47  main.o(.bss)
    W25QXX_BUFFER                            0x200001c8   Data        4096  w25qxx.o(.bss)
    USART_RX_BUF                             0x200011c8   Data         200  usart.o(.bss)
    xQueueRegistry                           0x20001290   Data          64  queue.o(.bss)
    __libspace_start                         0x200065dc   Data          96  libspace.o(.bss)
    __temporary_stack_top$libspace           0x2000663c   Data           0  libspace.o(.bss)



==============================================================================

Memory Map of the image

  Image Entry point : 0x08000189

  Load Region LR_IROM1 (Base: 0x08000000, Size: 0x0000ccd8, Max: 0x00100000, ABSOLUTE, COMPRESSED[0x0000cbb8])

    Execution Region ER_IROM1 (Base: 0x08000000, Size: 0x0000cb50, Max: 0x00100000, ABSOLUTE)

    Base Addr    Size         Type   Attr      Idx    E Section Name        Object

    0x08000000   0x00000188   Data   RO         1727    RESET               startup_stm32f40_41xxx.o
    0x08000188   0x00000008   Code   RO         4920  * !!!main             c_w.l(__main.o)
    0x08000190   0x00000034   Code   RO         5239    !!!scatter          c_w.l(__scatter.o)
    0x080001c4   0x0000005a   Code   RO         5237    !!dczerorl2         c_w.l(__dczerorl2.o)
    0x0800021e   0x00000002   PAD
    0x08000220   0x0000001c   Code   RO         5241    !!handler_zi        c_w.l(__scatter_zi.o)
    0x0800023c   0x00000000   Code   RO         4907    .ARM.Collect$$_printf_percent$$00000000  c_w.l(_printf_percent.o)
    0x0800023c   0x00000006   Code   RO         4905    .ARM.Collect$$_printf_percent$$00000009  c_w.l(_printf_d.o)
    0x08000242   0x00000006   Code   RO         4903    .ARM.Collect$$_printf_percent$$00000014  c_w.l(_printf_s.o)
    0x08000248   0x00000004   Code   RO         4985    .ARM.Collect$$_printf_percent$$00000017  c_w.l(_printf_percent_end.o)
    0x0800024c   0x00000002   Code   RO         5108    .ARM.Collect$$libinit$$00000000  c_w.l(libinit.o)
    0x0800024e   0x00000004   Code   RO         5117    .ARM.Collect$$libinit$$00000001  c_w.l(libinit2.o)
    0x08000252   0x00000000   Code   RO         5120    .ARM.Collect$$libinit$$00000004  c_w.l(libinit2.o)
    0x08000252   0x00000000   Code   RO         5123    .ARM.Collect$$libinit$$0000000A  c_w.l(libinit2.o)
    0x08000252   0x00000000   Code   RO         5125    .ARM.Collect$$libinit$$0000000C  c_w.l(libinit2.o)
    0x08000252   0x00000000   Code   RO         5127    .ARM.Collect$$libinit$$0000000E  c_w.l(libinit2.o)
    0x08000252   0x00000000   Code   RO         5130    .ARM.Collect$$libinit$$00000011  c_w.l(libinit2.o)
    0x08000252   0x00000000   Code   RO         5132    .ARM.Collect$$libinit$$00000013  c_w.l(libinit2.o)
    0x08000252   0x00000000   Code   RO         5134    .ARM.Collect$$libinit$$00000015  c_w.l(libinit2.o)
    0x08000252   0x00000000   Code   RO         5136    .ARM.Collect$$libinit$$00000017  c_w.l(libinit2.o)
    0x08000252   0x00000000   Code   RO         5138    .ARM.Collect$$libinit$$00000019  c_w.l(libinit2.o)
    0x08000252   0x00000000   Code   RO         5140    .ARM.Collect$$libinit$$0000001B  c_w.l(libinit2.o)
    0x08000252   0x00000000   Code   RO         5142    .ARM.Collect$$libinit$$0000001D  c_w.l(libinit2.o)
    0x08000252   0x00000000   Code   RO         5144    .ARM.Collect$$libinit$$0000001F  c_w.l(libinit2.o)
    0x08000252   0x00000000   Code   RO         5146    .ARM.Collect$$libinit$$00000021  c_w.l(libinit2.o)
    0x08000252   0x00000000   Code   RO         5148    .ARM.Collect$$libinit$$00000023  c_w.l(libinit2.o)
    0x08000252   0x00000000   Code   RO         5150    .ARM.Collect$$libinit$$00000025  c_w.l(libinit2.o)
    0x08000252   0x00000000   Code   RO         5154    .ARM.Collect$$libinit$$0000002C  c_w.l(libinit2.o)
    0x08000252   0x00000000   Code   RO         5156    .ARM.Collect$$libinit$$0000002E  c_w.l(libinit2.o)
    0x08000252   0x00000000   Code   RO         5158    .ARM.Collect$$libinit$$00000030  c_w.l(libinit2.o)
    0x08000252   0x00000000   Code   RO         5160    .ARM.Collect$$libinit$$00000032  c_w.l(libinit2.o)
    0x08000252   0x00000002   Code   RO         5161    .ARM.Collect$$libinit$$00000033  c_w.l(libinit2.o)
    0x08000254   0x00000002   Code   RO         5189    .ARM.Collect$$libshutdown$$00000000  c_w.l(libshutdown.o)
    0x08000256   0x00000000   Code   RO         5203    .ARM.Collect$$libshutdown$$00000002  c_w.l(libshutdown2.o)
    0x08000256   0x00000000   Code   RO         5205    .ARM.Collect$$libshutdown$$00000004  c_w.l(libshutdown2.o)
    0x08000256   0x00000000   Code   RO         5208    .ARM.Collect$$libshutdown$$00000007  c_w.l(libshutdown2.o)
    0x08000256   0x00000000   Code   RO         5211    .ARM.Collect$$libshutdown$$0000000A  c_w.l(libshutdown2.o)
    0x08000256   0x00000000   Code   RO         5213    .ARM.Collect$$libshutdown$$0000000C  c_w.l(libshutdown2.o)
    0x08000256   0x00000000   Code   RO         5216    .ARM.Collect$$libshutdown$$0000000F  c_w.l(libshutdown2.o)
    0x08000256   0x00000002   Code   RO         5217    .ARM.Collect$$libshutdown$$00000010  c_w.l(libshutdown2.o)
    0x08000258   0x00000000   Code   RO         4970    .ARM.Collect$$rtentry$$00000000  c_w.l(__rtentry.o)
    0x08000258   0x00000000   Code   RO         5059    .ARM.Collect$$rtentry$$00000002  c_w.l(__rtentry2.o)
    0x08000258   0x00000006   Code   RO         5071    .ARM.Collect$$rtentry$$00000004  c_w.l(__rtentry4.o)
    0x0800025e   0x00000000   Code   RO         5061    .ARM.Collect$$rtentry$$00000009  c_w.l(__rtentry2.o)
    0x0800025e   0x00000004   Code   RO         5062    .ARM.Collect$$rtentry$$0000000A  c_w.l(__rtentry2.o)
    0x08000262   0x00000000   Code   RO         5064    .ARM.Collect$$rtentry$$0000000C  c_w.l(__rtentry2.o)
    0x08000262   0x00000008   Code   RO         5065    .ARM.Collect$$rtentry$$0000000D  c_w.l(__rtentry2.o)
    0x0800026a   0x00000002   Code   RO         5111    .ARM.Collect$$rtexit$$00000000  c_w.l(rtexit.o)
    0x0800026c   0x00000000   Code   RO         5163    .ARM.Collect$$rtexit$$00000002  c_w.l(rtexit2.o)
    0x0800026c   0x00000004   Code   RO         5164    .ARM.Collect$$rtexit$$00000003  c_w.l(rtexit2.o)
    0x08000270   0x00000006   Code   RO         5165    .ARM.Collect$$rtexit$$00000004  c_w.l(rtexit2.o)
    0x08000276   0x00000002   PAD
    0x08000278   0x000000b6   Code   RO         4699    .emb_text           port.o
    0x0800032e   0x00000002   PAD
    0x08000330   0x00000040   Code   RO         1728    .text               startup_stm32f40_41xxx.o
    0x08000370   0x00000002   Code   RO         4841    .text               c_w.l(use_no_semi_2.o)
    0x08000372   0x00000048   Code   RO         4843    .text               c_w.l(llsdiv.o)
    0x080003ba   0x00000002   PAD
    0x080003bc   0x00000018   Code   RO         4849    .text               c_w.l(noretval__2printf.o)
    0x080003d4   0x00000028   Code   RO         4851    .text               c_w.l(noretval__2sprintf.o)
    0x080003fc   0x0000004e   Code   RO         4855    .text               c_w.l(_printf_pad.o)
    0x0800044a   0x00000052   Code   RO         4857    .text               c_w.l(_printf_str.o)
    0x0800049c   0x00000078   Code   RO         4859    .text               c_w.l(_printf_dec.o)
    0x08000514   0x00000138   Code   RO         4894    .text               c_w.l(__printf_flags_wp.o)
    0x0800064c   0x00000058   Code   RO         4908    .text               c_w.l(memcmp.o)
    0x080006a4   0x0000008a   Code   RO         4914    .text               c_w.l(rt_memcpy_v6.o)
    0x0800072e   0x00000010   Code   RO         4916    .text               c_w.l(aeabi_memset.o)
    0x0800073e   0x00000006   Code   RO         4918    .text               c_w.l(heapauxi.o)
    0x08000744   0x00000002   Code   RO         4968    .text               c_w.l(use_no_semi.o)
    0x08000746   0x000000ee   Code   RO         4971    .text               c_w.l(lludivv7m.o)
    0x08000834   0x00000016   Code   RO         4973    .text               c_w.l(_rserrno.o)
    0x0800084a   0x000000b2   Code   RO         4975    .text               c_w.l(_printf_intcommon.o)
    0x080008fc   0x00000030   Code   RO         4977    .text               c_w.l(_printf_char_common.o)
    0x0800092c   0x0000000a   Code   RO         4979    .text               c_w.l(_sputc.o)
    0x08000936   0x0000002c   Code   RO         4981    .text               c_w.l(_printf_char.o)
    0x08000962   0x00000002   PAD
    0x08000964   0x00000024   Code   RO         4983    .text               c_w.l(_printf_char_file.o)
    0x08000988   0x00000064   Code   RO         4986    .text               c_w.l(rt_memcpy_w.o)
    0x080009ec   0x00000044   Code   RO         4988    .text               c_w.l(rt_memclr.o)
    0x08000a30   0x00000008   Code   RO         5080    .text               c_w.l(rt_errno_addr_intlibspace.o)
    0x08000a38   0x00000008   Code   RO         5084    .text               c_w.l(ferror.o)
    0x08000a40   0x0000004e   Code   RO         5088    .text               c_w.l(rt_memclr_w.o)
    0x08000a8e   0x00000002   PAD
    0x08000a90   0x00000008   Code   RO         5094    .text               c_w.l(libspace.o)
    0x08000a98   0x0000004a   Code   RO         5097    .text               c_w.l(sys_stackheap_outer.o)
    0x08000ae2   0x00000012   Code   RO         5101    .text               c_w.l(exit.o)
    0x08000af4   0x00000002   Code   RO          273    i.BusFault_Handler  stm32f4xx_it.o
    0x08000af6   0x0000001a   Code   RO            3    i.COMMAND_JUDGE     main.o
    0x08000b10   0x00000032   Code   RO          409    i.Cmd_Write_BH1750  bh1750.o
    0x08000b42   0x00000002   PAD
    0x08000b44   0x00000038   Code   RO          410    i.Convert_BH1750    bh1750.o
    0x08000b7c   0x00000060   Code   RO          524    i.DHT11_Check       dht11.o
    0x08000bdc   0x0000003c   Code   RO          525    i.DHT11_Init        dht11.o
    0x08000c18   0x0000004c   Code   RO          526    i.DHT11_Read_Bit    dht11.o
    0x08000c64   0x0000001a   Code   RO          527    i.DHT11_Read_Byte   dht11.o
    0x08000c7e   0x00000050   Code   RO          528    i.DHT11_Read_Data   dht11.o
    0x08000cce   0x00000002   PAD
    0x08000cd0   0x00000038   Code   RO          529    i.DHT11_Rst         dht11.o
    0x08000d08   0x00000002   Code   RO          274    i.DebugMon_Handler  stm32f4xx_it.o
    0x08000d0a   0x00000002   PAD
    0x08000d0c   0x0000000c   Code   RO         3409    i.EXTI_ClearITPendingBit  stm32f4xx_exti.o
    0x08000d18   0x0000007c   Code   RO         1779    i.GPIO_Init         stm32f4xx_gpio.o
    0x08000d94   0x00000020   Code   RO         1780    i.GPIO_PinAFConfig  stm32f4xx_gpio.o
    0x08000db4   0x0000000e   Code   RO         1783    i.GPIO_ReadInputDataBit  stm32f4xx_gpio.o
    0x08000dc2   0x00000004   Code   RO         1786    i.GPIO_ResetBits    stm32f4xx_gpio.o
    0x08000dc6   0x00000004   Code   RO         1787    i.GPIO_SetBits      stm32f4xx_gpio.o
    0x08000dca   0x00000002   Code   RO          275    i.HardFault_Handler  stm32f4xx_it.o
    0x08000dcc   0x00000038   Code   RO          462    i.IIC_Ack           myiic.o
    0x08000e04   0x00000038   Code   RO          574    i.IIC_B_Ack         myiic_b.o
    0x08000e3c   0x00000040   Code   RO          575    i.IIC_B_Init        myiic_b.o
    0x08000e7c   0x00000038   Code   RO          576    i.IIC_B_NAck        myiic_b.o
    0x08000eb4   0x00000068   Code   RO          577    i.IIC_B_Read_Byte   myiic_b.o
    0x08000f1c   0x00000060   Code   RO          578    i.IIC_B_Send_Byte   myiic_b.o
    0x08000f7c   0x00000038   Code   RO          579    i.IIC_B_Start       myiic_b.o
    0x08000fb4   0x0000003c   Code   RO          580    i.IIC_B_Stop        myiic_b.o
    0x08000ff0   0x00000054   Code   RO          581    i.IIC_B_Wait_Ack    myiic_b.o
    0x08001044   0x0000003c   Code   RO          463    i.IIC_Init          myiic.o
    0x08001080   0x00000038   Code   RO          464    i.IIC_NAck          myiic.o
    0x080010b8   0x00000068   Code   RO          465    i.IIC_Read_Byte     myiic.o
    0x08001120   0x00000060   Code   RO          466    i.IIC_Send_Byte     myiic.o
    0x08001180   0x00000038   Code   RO          467    i.IIC_Start         myiic.o
    0x080011b8   0x0000003c   Code   RO          468    i.IIC_Stop          myiic.o
    0x080011f4   0x00000054   Code   RO          469    i.IIC_Wait_Ack      myiic.o
    0x08001248   0x00000044   Code   RO         1235    i.KEY_Init          key.o
    0x0800128c   0x000000cc   Code   RO         1236    i.KEY_Scan          key.o
    0x08001358   0x00000042   Code   RO         1544    i.LCD_Address_Set   lcd_init.o
    0x0800139a   0x0000009a   Code   RO         1459    i.LCD_DrawLine      lcd.o
    0x08001434   0x00000016   Code   RO         1460    i.LCD_DrawPoint     lcd.o
    0x0800144a   0x00000040   Code   RO         1462    i.LCD_Fill          lcd.o
    0x0800148a   0x00000002   PAD
    0x0800148c   0x000000a0   Code   RO         1545    i.LCD_GPIO_Init     lcd_init.o
    0x0800152c   0x00000200   Code   RO         1546    i.LCD_Init          lcd_init.o
    0x0800172c   0x0000011c   Code   RO         1463    i.LCD_ShowChar      lcd.o
    0x08001848   0x00000084   Code   RO         1465    i.LCD_ShowIntNum    lcd.o
    0x080018cc   0x00000036   Code   RO         1467    i.LCD_ShowString    lcd.o
    0x08001902   0x00000014   Code   RO         1547    i.LCD_WR_DATA       lcd_init.o
    0x08001916   0x00000004   Code   RO         1548    i.LCD_WR_DATA8      lcd_init.o
    0x0800191a   0x00000002   PAD
    0x0800191c   0x00000028   Code   RO         1549    i.LCD_WR_REG        lcd_init.o
    0x08001944   0x00000060   Code   RO         1550    i.LCD_Writ_Bus      lcd_init.o
    0x080019a4   0x00000040   Code   RO          389    i.LED_Init          led.o
    0x080019e4   0x00000070   Code   RO          638    i.MPU_Read_Len      mpu6050.o
    0x08001a54   0x0000005a   Code   RO          644    i.MPU_Write_Len     mpu6050.o
    0x08001aae   0x00000002   Code   RO          276    i.MemManage_Handler  stm32f4xx_it.o
    0x08001ab0   0x00000088   Code   RO         1262    i.My_RTC_Init       rtc.o
    0x08001b38   0x00000002   Code   RO          277    i.NMI_Handler       stm32f4xx_it.o
    0x08001b3a   0x00000002   PAD
    0x08001b3c   0x00000068   Code   RO         1734    i.NVIC_Init         misc.o
    0x08001ba4   0x00000014   Code   RO         1735    i.NVIC_PriorityGroupConfig  misc.o
    0x08001bb8   0x0000000c   Code   RO         3286    i.PWR_BackupAccessCmd  stm32f4xx_pwr.o
    0x08001bc4   0x0000001c   Code   RO         1876    i.RCC_AHB1PeriphClockCmd  stm32f4xx_rcc.o
    0x08001be0   0x0000001c   Code   RO         1885    i.RCC_APB1PeriphClockCmd  stm32f4xx_rcc.o
    0x08001bfc   0x0000001c   Code   RO         1888    i.RCC_APB2PeriphClockCmd  stm32f4xx_rcc.o
    0x08001c18   0x0000001c   Code   RO         1890    i.RCC_APB2PeriphResetCmd  stm32f4xx_rcc.o
    0x08001c34   0x000000a0   Code   RO         1897    i.RCC_GetClocksFreq  stm32f4xx_rcc.o
    0x08001cd4   0x00000038   Code   RO         1898    i.RCC_GetFlagStatus  stm32f4xx_rcc.o
    0x08001d0c   0x00000020   Code   RO         1906    i.RCC_LSEConfig     stm32f4xx_rcc.o
    0x08001d2c   0x0000000c   Code   RO         1920    i.RCC_RTCCLKCmd     stm32f4xx_rcc.o
    0x08001d38   0x00000030   Code   RO         1921    i.RCC_RTCCLKConfig  stm32f4xx_rcc.o
    0x08001d68   0x00000022   Code   RO         1263    i.RTC_Alarm_IRQHandler  rtc.o
    0x08001d8a   0x00000012   Code   RO         2935    i.RTC_Bcd2ToByte    stm32f4xx_rtc.o
    0x08001d9c   0x00000018   Code   RO         2937    i.RTC_ByteToBcd2    stm32f4xx_rtc.o
    0x08001db4   0x0000001c   Code   RO         2940    i.RTC_ClearFlag     stm32f4xx_rtc.o
    0x08001dd0   0x00000044   Code   RO         2947    i.RTC_EnterInitMode  stm32f4xx_rtc.o
    0x08001e14   0x00000010   Code   RO         2948    i.RTC_ExitInitMode  stm32f4xx_rtc.o
    0x08001e24   0x0000001c   Code   RO         2952    i.RTC_GetFlagStatus  stm32f4xx_rtc.o
    0x08001e40   0x0000004c   Code   RO         2956    i.RTC_GetTime       stm32f4xx_rtc.o
    0x08001e8c   0x00000050   Code   RO         2961    i.RTC_Init          stm32f4xx_rtc.o
    0x08001edc   0x00000014   Code   RO         2964    i.RTC_ReadBackupRegister  stm32f4xx_rtc.o
    0x08001ef0   0x000000a4   Code   RO         2967    i.RTC_SetDate       stm32f4xx_rtc.o
    0x08001f94   0x000000a8   Code   RO         2968    i.RTC_SetTime       stm32f4xx_rtc.o
    0x0800203c   0x0000001c   Code   RO         1264    i.RTC_Set_Date      rtc.o
    0x08002058   0x0000001c   Code   RO         1265    i.RTC_Set_Time      rtc.o
    0x08002074   0x00000022   Code   RO         1267    i.RTC_WKUP_IRQHandler  rtc.o
    0x08002096   0x00000002   PAD
    0x08002098   0x0000004c   Code   RO         2984    i.RTC_WaitForSynchro  stm32f4xx_rtc.o
    0x080020e4   0x00000014   Code   RO         2987    i.RTC_WriteBackupRegister  stm32f4xx_rtc.o
    0x080020f8   0x00000038   Code   RO          411    i.Read_BH1750       bh1750.o
    0x08002130   0x000000c4   Code   RO         1315    i.SPI1_Init         spi.o
    0x080021f4   0x00000034   Code   RO         1316    i.SPI1_ReadWriteByte  spi.o
    0x08002228   0x0000001c   Code   RO         1317    i.SPI1_SetSpeed     spi.o
    0x08002244   0x00000018   Code   RO         3607    i.SPI_Cmd           stm32f4xx_spi.o
    0x0800225c   0x0000000e   Code   RO         3615    i.SPI_I2S_GetFlagStatus  stm32f4xx_spi.o
    0x0800226a   0x00000004   Code   RO         3618    i.SPI_I2S_ReceiveData  stm32f4xx_spi.o
    0x0800226e   0x00000004   Code   RO         3619    i.SPI_I2S_SendData  stm32f4xx_spi.o
    0x08002272   0x00000038   Code   RO         3620    i.SPI_Init          stm32f4xx_spi.o
    0x080022aa   0x00000002   PAD
    0x080022ac   0x000000b8   Code   RO          352    i.SetSysClock       system_stm32f4xx.o
    0x08002364   0x00000018   Code   RO          413    i.Start_BH1750      bh1750.o
    0x0800237c   0x0000001c   Code   RO         1738    i.SysTick_CLKSourceConfig  misc.o
    0x08002398   0x00000014   Code   RO         1600    i.SysTick_Handler   delay.o
    0x080023ac   0x0000005c   Code   RO          354    i.SystemInit        system_stm32f4xx.o
    0x08002408   0x00000020   Code   RO          414    i.TaskBH1750        bh1750.o
    0x08002428   0x00000068   Code   RO         1674    i.USART1_IRQHandler  usart.o
    0x08002490   0x00000018   Code   RO         2270    i.USART_Cmd         stm32f4xx_usart.o
    0x080024a8   0x00000040   Code   RO         2274    i.USART_GetITStatus  stm32f4xx_usart.o
    0x080024e8   0x00000036   Code   RO         2276    i.USART_ITConfig    stm32f4xx_usart.o
    0x0800251e   0x00000002   PAD
    0x08002520   0x000000bc   Code   RO         2277    i.USART_Init        stm32f4xx_usart.o
    0x080025dc   0x00000008   Code   RO         2284    i.USART_ReceiveData  stm32f4xx_usart.o
    0x080025e4   0x00000002   Code   RO          278    i.UsageFault_Handler  stm32f4xx_it.o
    0x080025e6   0x00000002   PAD
    0x080025e8   0x00000040   Code   RO         1348    i.W25QXX_Erase_Sector  w25qxx.o
    0x08002628   0x00000074   Code   RO         1349    i.W25QXX_Init       w25qxx.o
    0x0800269c   0x00000050   Code   RO         1351    i.W25QXX_Read       w25qxx.o
    0x080026ec   0x0000003c   Code   RO         1352    i.W25QXX_ReadID     w25qxx.o
    0x08002728   0x00000020   Code   RO         1353    i.W25QXX_ReadSR     w25qxx.o
    0x08002748   0x0000000c   Code   RO         1355    i.W25QXX_Wait_Busy  w25qxx.o
    0x08002754   0x000000a4   Code   RO         1356    i.W25QXX_Write      w25qxx.o
    0x080027f8   0x00000018   Code   RO         1358    i.W25QXX_Write_Enable  w25qxx.o
    0x08002810   0x0000003e   Code   RO         1359    i.W25QXX_Write_NoCheck  w25qxx.o
    0x0800284e   0x00000002   PAD
    0x08002850   0x00000058   Code   RO         1360    i.W25QXX_Write_Page  w25qxx.o
    0x080028a8   0x00000030   Code   RO         5041    i.__ARM_fpclassify  m_wm.l(fpclassify.o)
    0x080028d8   0x00000360   Code   RO         4942    i.__hardfp_asin     m_wm.l(asin.o)
    0x08002c38   0x000002d8   Code   RO         5007    i.__hardfp_atan     m_wm.l(atan.o)
    0x08002f10   0x000001f0   Code   RO         4956    i.__hardfp_atan2    m_wm.l(atan2.o)
    0x08003100   0x000000f8   Code   RO         5043    i.__kernel_poly     m_wm.l(poly.o)
    0x080031f8   0x00000014   Code   RO         5022    i.__mathlib_dbl_infnan  m_wm.l(dunder.o)
    0x0800320c   0x00000014   Code   RO         5023    i.__mathlib_dbl_infnan2  m_wm.l(dunder.o)
    0x08003220   0x00000020   Code   RO         5024    i.__mathlib_dbl_invalid  m_wm.l(dunder.o)
    0x08003240   0x00000020   Code   RO         5027    i.__mathlib_dbl_underflow  m_wm.l(dunder.o)
    0x08003260   0x0000000e   Code   RO         4892    i._is_digit         c_w.l(__printf_wp.o)
    0x0800326e   0x00000002   Code   RO         1675    i._sys_exit         usart.o
    0x08003270   0x00000094   Code   RO          704    i.accel_self_test   inv_mpu.o
    0x08003304   0x00000010   Code   RO         5009    i.atan              m_wm.l(atan.o)
    0x08003314   0x00000020   Code   RO            4    i.bh1750_task       main.o
    0x08003334   0x0000003c   Code   RO         1045    i.decode_gesture    inv_mpu_dmp_motion_driver.o
    0x08003370   0x00000034   Code   RO         1601    i.delay_init        delay.o
    0x080033a4   0x00000038   Code   RO         1602    i.delay_ms          delay.o
    0x080033dc   0x00000038   Code   RO         1603    i.delay_us          delay.o
    0x08003414   0x0000003c   Code   RO         1046    i.dmp_enable_6x_lp_quat  inv_mpu_dmp_motion_driver.o
    0x08003450   0x000001ec   Code   RO         1047    i.dmp_enable_feature  inv_mpu_dmp_motion_driver.o
    0x0800363c   0x00000058   Code   RO         1048    i.dmp_enable_gyro_cal  inv_mpu_dmp_motion_driver.o
    0x08003694   0x0000003c   Code   RO         1049    i.dmp_enable_lp_quat  inv_mpu_dmp_motion_driver.o
    0x080036d0   0x00000014   Code   RO         1054    i.dmp_load_motion_driver_firmware  inv_mpu_dmp_motion_driver.o
    0x080036e4   0x00000184   Code   RO         1055    i.dmp_read_fifo     inv_mpu_dmp_motion_driver.o
    0x08003868   0x0000010c   Code   RO         1058    i.dmp_set_accel_bias  inv_mpu_dmp_motion_driver.o
    0x08003974   0x00000070   Code   RO         1059    i.dmp_set_fifo_rate  inv_mpu_dmp_motion_driver.o
    0x080039e4   0x00000108   Code   RO         1060    i.dmp_set_gyro_bias  inv_mpu_dmp_motion_driver.o
    0x08003aec   0x00000118   Code   RO         1062    i.dmp_set_orientation  inv_mpu_dmp_motion_driver.o
    0x08003c04   0x00000030   Code   RO         1065    i.dmp_set_shake_reject_thresh  inv_mpu_dmp_motion_driver.o
    0x08003c34   0x00000020   Code   RO         1066    i.dmp_set_shake_reject_time  inv_mpu_dmp_motion_driver.o
    0x08003c54   0x00000020   Code   RO         1067    i.dmp_set_shake_reject_timeout  inv_mpu_dmp_motion_driver.o
    0x08003c74   0x00000038   Code   RO         1068    i.dmp_set_tap_axes  inv_mpu_dmp_motion_driver.o
    0x08003cac   0x00000022   Code   RO         1069    i.dmp_set_tap_count  inv_mpu_dmp_motion_driver.o
    0x08003cce   0x00000002   PAD
    0x08003cd0   0x0000019c   Code   RO         1070    i.dmp_set_tap_thresh  inv_mpu_dmp_motion_driver.o
    0x08003e6c   0x00000020   Code   RO         1071    i.dmp_set_tap_time  inv_mpu_dmp_motion_driver.o
    0x08003e8c   0x00000020   Code   RO         1072    i.dmp_set_tap_time_multi  inv_mpu_dmp_motion_driver.o
    0x08003eac   0x00000018   Code   RO         5037    i.fabs              m_wm.l(fabs.o)
    0x08003ec4   0x000000e0   Code   RO            5    i.flash_task        main.o
    0x08003fa4   0x00000014   Code   RO         1676    i.fputc             usart.o
    0x08003fb8   0x000000b8   Code   RO          705    i.get_accel_prod_shift  inv_mpu.o
    0x08004070   0x000003d8   Code   RO          706    i.get_st_biases     inv_mpu.o
    0x08004448   0x000000d8   Code   RO          707    i.gyro_self_test    inv_mpu.o
    0x08004520   0x00000024   Code   RO          708    i.inv_orientation_matrix_to_scalar  inv_mpu.o
    0x08004544   0x00000048   Code   RO          709    i.inv_row_2_scale   inv_mpu.o
    0x0800458c   0x00000244   Code   RO            6    i.lcd_task          main.o
    0x080047d0   0x0000028c   Code   RO            7    i.main              main.o
    0x08004a5c   0x00000002   Code   RO          710    i.mget_ms           inv_mpu.o
    0x08004a5e   0x00000002   PAD
    0x08004a60   0x00000018   Code   RO            8    i.mpu6050_task      main.o
    0x08004a78   0x00000060   Code   RO          711    i.mpu_configure_fifo  inv_mpu.o
    0x08004ad8   0x00000164   Code   RO          712    i.mpu_dmp_get_data  inv_mpu.o
    0x08004c3c   0x00000094   Code   RO          713    i.mpu_dmp_init      inv_mpu.o
    0x08004cd0   0x00000044   Code   RO          714    i.mpu_get_accel_fsr  inv_mpu.o
    0x08004d14   0x0000004c   Code   RO          716    i.mpu_get_accel_sens  inv_mpu.o
    0x08004d60   0x00000010   Code   RO          721    i.mpu_get_fifo_config  inv_mpu.o
    0x08004d70   0x00000040   Code   RO          722    i.mpu_get_gyro_fsr  inv_mpu.o
    0x08004db0   0x00000058   Code   RO          724    i.mpu_get_gyro_sens  inv_mpu.o
    0x08004e08   0x00000044   Code   RO          726    i.mpu_get_lpf       inv_mpu.o
    0x08004e4c   0x0000001c   Code   RO          728    i.mpu_get_sample_rate  inv_mpu.o
    0x08004e68   0x000001ac   Code   RO          730    i.mpu_init          inv_mpu.o
    0x08005014   0x000000b4   Code   RO          731    i.mpu_load_firmware  inv_mpu.o
    0x080050c8   0x000000d0   Code   RO          732    i.mpu_lp_accel_mode  inv_mpu.o
    0x08005198   0x000000ac   Code   RO          735    i.mpu_read_fifo_stream  inv_mpu.o
    0x08005244   0x00000070   Code   RO          736    i.mpu_read_mem      inv_mpu.o
    0x080052b4   0x0000016c   Code   RO          739    i.mpu_reset_fifo    inv_mpu.o
    0x08005420   0x000000f8   Code   RO          740    i.mpu_run_self_test  inv_mpu.o
    0x08005518   0x00000074   Code   RO          742    i.mpu_set_accel_fsr  inv_mpu.o
    0x0800558c   0x00000118   Code   RO          743    i.mpu_set_bypass    inv_mpu.o
    0x080056a4   0x0000007c   Code   RO          745    i.mpu_set_dmp_state  inv_mpu.o
    0x08005720   0x00000078   Code   RO          746    i.mpu_set_gyro_fsr  inv_mpu.o
    0x08005798   0x00000060   Code   RO          747    i.mpu_set_int_latched  inv_mpu.o
    0x080057f8   0x0000007c   Code   RO          749    i.mpu_set_lpf       inv_mpu.o
    0x08005874   0x00000084   Code   RO          750    i.mpu_set_sample_rate  inv_mpu.o
    0x080058f8   0x000000b0   Code   RO          751    i.mpu_set_sensors   inv_mpu.o
    0x080059a8   0x00000070   Code   RO          752    i.mpu_write_mem     inv_mpu.o
    0x08005a18   0x00000010   Code   RO         1468    i.mypow             lcd.o
    0x08005a28   0x00000070   Code   RO         4193    i.prvAddCurrentTaskToDelayedList  tasks.o
    0x08005a98   0x0000008c   Code   RO         4194    i.prvAddNewTaskToReadyList  tasks.o
    0x08005b24   0x00000050   Code   RO         4561    i.prvCheckForValidListAndQueue  timers.o
    0x08005b74   0x00000054   Code   RO         4195    i.prvCheckTasksWaitingTermination  tasks.o
    0x08005bc8   0x00000028   Code   RO         3949    i.prvCopyDataFromQueue  queue.o
    0x08005bf0   0x0000006e   Code   RO         3950    i.prvCopyDataToQueue  queue.o
    0x08005c5e   0x00000014   Code   RO         4196    i.prvDeleteTCB      tasks.o
    0x08005c72   0x00000002   PAD
    0x08005c74   0x00000024   Code   RO         4562    i.prvGetNextExpireTime  timers.o
    0x08005c98   0x0000004c   Code   RO         4784    i.prvHeapInit       heap_4.o
    0x08005ce4   0x00000028   Code   RO         4197    i.prvIdleTask       tasks.o
    0x08005d0c   0x00000026   Code   RO         3952    i.prvInitialiseNewQueue  queue.o
    0x08005d32   0x00000002   PAD
    0x08005d34   0x000000bc   Code   RO         4198    i.prvInitialiseNewTask  tasks.o
    0x08005df0   0x00000058   Code   RO         4199    i.prvInitialiseTaskLists  tasks.o
    0x08005e48   0x00000054   Code   RO         4785    i.prvInsertBlockIntoFreeList  heap_4.o
    0x08005e9c   0x00000040   Code   RO         4564    i.prvInsertTimerInActiveList  timers.o
    0x08005edc   0x0000001a   Code   RO         3953    i.prvIsQueueEmpty   queue.o
    0x08005ef6   0x0000001e   Code   RO         3954    i.prvIsQueueFull    queue.o
    0x08005f14   0x00000094   Code   RO         3955    i.prvNotifyQueueSetContainer  queue.o
    0x08005fa8   0x00000080   Code   RO         4565    i.prvProcessExpiredTimer  timers.o
    0x08006028   0x000000f0   Code   RO         4566    i.prvProcessReceivedCommands  timers.o
    0x08006118   0x0000006c   Code   RO         4567    i.prvProcessTimerOrBlockTask  timers.o
    0x08006184   0x00000024   Code   RO         4201    i.prvResetNextTaskUnblockTime  tasks.o
    0x080061a8   0x0000002c   Code   RO         4568    i.prvSampleTimeNow  timers.o
    0x080061d4   0x00000090   Code   RO         4569    i.prvSwitchTimerLists  timers.o
    0x08006264   0x00000064   Code   RO         4700    i.prvTaskExitError  port.o
    0x080062c8   0x00000058   Code   RO         4203    i.prvTaskIsTaskSuspended  tasks.o
    0x08006320   0x00000014   Code   RO         4570    i.prvTimerTask      timers.o
    0x08006334   0x0000007e   Code   RO         3956    i.prvUnlockQueue    queue.o
    0x080063b2   0x00000002   PAD
    0x080063b4   0x0000010c   Code   RO         4786    i.pvPortMalloc      heap_4.o
    0x080064c0   0x00000018   Code   RO         4205    i.pvTaskIncrementMutexHeldCount  tasks.o
    0x080064d8   0x00000024   Code   RO         4701    i.pxPortInitialiseStack  port.o
    0x080064fc   0x00000088   Code   RO          753    i.run_self_test     inv_mpu.o
    0x08006584   0x00000074   Code   RO          754    i.set_int_enable    inv_mpu.o
    0x080065f8   0x0000006e   Code   RO         5048    i.sqrt              m_wm.l(sqrt.o)
    0x08006666   0x00000002   PAD
    0x08006668   0x000000e8   Code   RO            9    i.start_task        main.o
    0x08006750   0x000000ac   Code   RO         1677    i.uart_init         usart.o
    0x080067fc   0x000001d8   Code   RO           10    i.usart_trans_task  main.o
    0x080069d4   0x00000024   Code   RO         3904    i.uxListRemove      list.o
    0x080069f8   0x00000016   Code   RO         3905    i.vListInitialise   list.o
    0x08006a0e   0x00000006   Code   RO         3906    i.vListInitialiseItem  list.o
    0x08006a14   0x00000030   Code   RO         3907    i.vListInsert       list.o
    0x08006a44   0x00000018   Code   RO         3908    i.vListInsertEnd    list.o
    0x08006a5c   0x00000078   Code   RO         4703    i.vPortEnterCritical  port.o
    0x08006ad4   0x00000068   Code   RO         4704    i.vPortExitCritical  port.o
    0x08006b3c   0x0000009c   Code   RO         4787    i.vPortFree         heap_4.o
    0x08006bd8   0x00000020   Code   RO         4705    i.vPortSetupTimerInterrupt  port.o
    0x08006bf8   0x0000008c   Code   RO         4706    i.vPortValidateInterruptPriority  port.o
    0x08006c84   0x00000024   Code   RO         3962    i.vQueueAddToRegistry  queue.o
    0x08006ca8   0x00000046   Code   RO         3966    i.vQueueWaitForMessageRestricted  queue.o
    0x08006cee   0x00000002   PAD
    0x08006cf0   0x00000070   Code   RO         4213    i.vTaskDelay        tasks.o
    0x08006d60   0x000000cc   Code   RO         4215    i.vTaskDelete       tasks.o
    0x08006e2c   0x0000000c   Code   RO         4219    i.vTaskMissedYield  tasks.o
    0x08006e38   0x00000058   Code   RO         4221    i.vTaskPlaceOnEventList  tasks.o
    0x08006e90   0x00000060   Code   RO         4222    i.vTaskPlaceOnEventListRestricted  tasks.o
    0x08006ef0   0x00000088   Code   RO         4224    i.vTaskPriorityInherit  tasks.o
    0x08006f78   0x000000a4   Code   RO         4226    i.vTaskResume       tasks.o
    0x0800701c   0x00000048   Code   RO         4228    i.vTaskSetTimeOutState  tasks.o
    0x08007064   0x00000094   Code   RO         4229    i.vTaskStartScheduler  tasks.o
    0x080070f8   0x000000d0   Code   RO         4230    i.vTaskSuspend      tasks.o
    0x080071c8   0x00000010   Code   RO         4231    i.vTaskSuspendAll   tasks.o
    0x080071d8   0x00000080   Code   RO         4232    i.vTaskSwitchContext  tasks.o
    0x08007258   0x00000110   Code   RO         4707    i.xPortStartScheduler  port.o
    0x08007368   0x0000002c   Code   RO         4708    i.xPortSysTickHandler  port.o
    0x08007394   0x00000064   Code   RO         3971    i.xQueueGenericCreate  queue.o
    0x080073f8   0x000001a0   Code   RO         3972    i.xQueueGenericReceive  queue.o
    0x08007598   0x000000ac   Code   RO         3973    i.xQueueGenericReset  queue.o
    0x08007644   0x00000190   Code   RO         3974    i.xQueueGenericSend  queue.o
    0x080077d4   0x000000ec   Code   RO         3975    i.xQueueGenericSendFromISR  queue.o
    0x080078c0   0x00000090   Code   RO         4233    i.xTaskCheckForTimeOut  tasks.o
    0x08007950   0x00000060   Code   RO         4234    i.xTaskCreate       tasks.o
    0x080079b0   0x0000001c   Code   RO         4238    i.xTaskGetSchedulerState  tasks.o
    0x080079cc   0x0000000c   Code   RO         4239    i.xTaskGetTickCount  tasks.o
    0x080079d8   0x000000ec   Code   RO         4241    i.xTaskIncrementTick  tasks.o
    0x08007ac4   0x000000b4   Code   RO         4244    i.xTaskPriorityDisinherit  tasks.o
    0x08007b78   0x0000009c   Code   RO         4245    i.xTaskRemoveFromEventList  tasks.o
    0x08007c14   0x000000ec   Code   RO         4247    i.xTaskResumeAll    tasks.o
    0x08007d00   0x00000074   Code   RO         4574    i.xTimerCreateTimerTask  timers.o
    0x08007d74   0x0000009c   Code   RO         4575    i.xTimerGenericCommand  timers.o
    0x08007e10   0x00000018   Code   RO         4990    x$fpl$basic         fz_wm.l(basic.o)
    0x08007e28   0x00000062   Code   RO         4922    x$fpl$d2f           fz_wm.l(d2f.o)
    0x08007e8a   0x00000002   PAD
    0x08007e8c   0x00000150   Code   RO         4992    x$fpl$dadd          fz_wm.l(daddsub_clz.o)
    0x08007fdc   0x000002b0   Code   RO         4925    x$fpl$ddiv          fz_wm.l(ddiv.o)
    0x0800828c   0x0000005e   Code   RO         4928    x$fpl$dfix          fz_wm.l(dfix.o)
    0x080082ea   0x00000026   Code   RO         4932    x$fpl$dfltu         fz_wm.l(dflt_clz.o)
    0x08008310   0x00000154   Code   RO         4938    x$fpl$dmul          fz_wm.l(dmul.o)
    0x08008464   0x0000009c   Code   RO         4998    x$fpl$dnaninf       fz_wm.l(dnaninf.o)
    0x08008500   0x0000000c   Code   RO         5000    x$fpl$dretinf       fz_wm.l(dretinf.o)
    0x0800850c   0x00000016   Code   RO         4993    x$fpl$drsb          fz_wm.l(daddsub_clz.o)
    0x08008522   0x00000002   PAD
    0x08008524   0x00000198   Code   RO         5092    x$fpl$dsqrt         fz_wm.l(dsqrt_umaal.o)
    0x080086bc   0x000001d4   Code   RO         4994    x$fpl$dsub          fz_wm.l(daddsub_clz.o)
    0x08008890   0x00000056   Code   RO         4940    x$fpl$f2d           fz_wm.l(f2d.o)
    0x080088e6   0x0000008c   Code   RO         5002    x$fpl$fnaninf       fz_wm.l(fnaninf.o)
    0x08008972   0x0000000a   Code   RO         5177    x$fpl$fpinit        fz_wm.l(fpinit.o)
    0x0800897c   0x0000000a   Code   RO         5004    x$fpl$fretinf       fz_wm.l(fretinf.o)
    0x08008986   0x00000000   Code   RO         5006    x$fpl$usenofp       fz_wm.l(usenofp.o)
    0x08008986   0x0000001b   Data   RO          756    .constdata          inv_mpu.o
    0x080089a1   0x00000001   PAD
    0x080089a2   0x0000000c   Data   RO          757    .constdata          inv_mpu.o
    0x080089ae   0x00000002   PAD
    0x080089b0   0x00000028   Data   RO          758    .constdata          inv_mpu.o
    0x080089d8   0x00000bf6   Data   RO         1074    .constdata          inv_mpu_dmp_motion_driver.o
    0x080095ce   0x000033f4   Data   RO         1469    .constdata          lcd.o
    0x0800c9c2   0x00000011   Data   RO         4895    .constdata          c_w.l(__printf_flags_wp.o)
    0x0800c9d3   0x00000005   PAD
    0x0800c9d8   0x00000050   Data   RO         4945    .constdata          m_wm.l(asin.o)
    0x0800ca28   0x00000098   Data   RO         5010    .constdata          m_wm.l(atan.o)
    0x0800cac0   0x00000008   Data   RO         5045    .constdata          m_wm.l(qnan.o)
    0x0800cac8   0x00000018   Data   RO           13    .conststring        main.o
    0x0800cae0   0x0000004d   Data   RO          759    .conststring        inv_mpu.o
    0x0800cb2d   0x00000003   PAD
    0x0800cb30   0x00000020   Data   RO         5235    Region$$Table       anon$$obj.o


    Execution Region RW_IRAM1 (Base: 0x20000000, Size: 0x00006c40, Max: 0x00020000, ABSOLUTE, COMPRESSED[0x00000068])

    Base Addr    Size         Type   Attr      Idx    E Section Name        Object

    0x20000000   0x000000a4   Data   RW           14    .data               main.o
    0x200000a4   0x00000014   Data   RW          355    .data               system_stm32f4xx.o
    0x200000b8   0x00000008   Data   RW          415    .data               bh1750.o
    0x200000c0   0x00000035   Data   RW          760    .data               inv_mpu.o
    0x200000f5   0x00000001   Data   RW         1237    .data               key.o
    0x200000f6   0x00000002   Data   RW         1363    .data               w25qxx.o
    0x200000f8   0x00000004   Data   RW         1605    .data               delay.o
    0x200000fc   0x00000002   Data   RW         1679    .data               usart.o
    0x200000fe   0x00000002   PAD
    0x20000100   0x00000004   Data   RW         1680    .data               usart.o
    0x20000104   0x00000010   Data   RW         1929    .data               stm32f4xx_rcc.o
    0x20000114   0x0000003c   Data   RW         4250    .data               tasks.o
    0x20000150   0x00000014   Data   RW         4583    .data               timers.o
    0x20000164   0x0000000c   Data   RW         4709    .data               port.o
    0x20000170   0x00000018   Data   RW         4792    .data               heap_4.o
    0x20000188   0x0000002f   Zero   RW           11    .bss                main.o
    0x200001b7   0x00000001   PAD
    0x200001b8   0x00000010   Zero   RW         1073    .bss                inv_mpu_dmp_motion_driver.o
    0x200001c8   0x00001000   Zero   RW         1362    .bss                w25qxx.o
    0x200011c8   0x000000c8   Zero   RW         1678    .bss                usart.o
    0x20001290   0x00000040   Zero   RW         3986    .bss                queue.o
    0x200012d0   0x000002e4   Zero   RW         4249    .bss                tasks.o
    0x200015b4   0x00000028   Zero   RW         4582    .bss                timers.o
    0x200015dc   0x00005000   Zero   RW         4791    .bss                heap_4.o
    0x200065dc   0x00000060   Zero   RW         5095    .bss                c_w.l(libspace.o)
    0x2000663c   0x00000004   PAD
    0x20006640   0x00000200   Zero   RW         1726    HEAP                startup_stm32f40_41xxx.o
    0x20006840   0x00000400   Zero   RW         1725    STACK               startup_stm32f40_41xxx.o


==============================================================================

Image component sizes


      Code (inc. data)   RO Data    RW Data    ZI Data      Debug   Object Name

       218         24          0          8          0       3301   bh1750.o
       184         14          0          4          0       2425   delay.o
       394         28          0          0          0       4056   dht11.o
         0          0          0          0          0      11680   event_groups.o
       584        138          0         24      20480       4039   heap_4.o
      5894        302        156         53          0      34152   inv_mpu.o
      2770        132       3062          0         16      21454   inv_mpu_dmp_motion_driver.o
       272         24          0          1          0       1278   key.o
       726         18      13300          0          0       6849   lcd.o
       898         34          0          0          0       4358   lcd_init.o
        64          6          0          0          0        519   led.o
       136          0          0          0          0       3106   list.o
      2242        390         24        164         47     302266   main.o
       152         16          0          0          0       2077   misc.o
       202          0          0          0          0       2063   mpu6050.o
       572         70          0          0          0       4506   myiic.o
       576         72          0          0          0       4594   myiic_b.o
      1030        384          0         12          0      10633   port.o
      1948        240          0          0         64      16289   queue.o
       260          0          0          0          0       3053   rtc.o
       276         18          0          0          0       1753   spi.o
        64         26        392          0       1536        828   startup_stm32f40_41xxx.o
        12          6          0          0          0        521   stm32f4xx_exti.o
       178          0          0          0          0       3435   stm32f4xx_gpio.o
        12          0          0          0          0       2593   stm32f4xx_it.o
        12          6          0          0          0        514   stm32f4xx_pwr.o
       420         60          0         16          0       7687   stm32f4xx_rcc.o
       786         66          0          0          0       9004   stm32f4xx_rtc.o
       102          0          0          0          0       3438   stm32f4xx_spi.o
       338          8          0          0          0       4470   stm32f4xx_usart.o
       276         34          0         20          0       1677   system_stm32f4xx.o
      3292        826          0         60        740      31632   tasks.o
      1136        286          0         20         40       8871   timers.o
       298         26          0          6        200       4204   usart.o
       702         52          0          2       4096       7205   w25qxx.o

    ----------------------------------------------------------------------
     27062       3306      16972        392      27220     530530   Object Totals
         0          0         32          0          0          0   (incl. Generated)
        36          0          6          2          1          0   (incl. Padding)

    ----------------------------------------------------------------------

      Code (inc. data)   RO Data    RW Data    ZI Data      Debug   Library Member Name

        90          0          0          0          0          0   __dczerorl2.o
         8          0          0          0          0         68   __main.o
       312          4         17          0          0         92   __printf_flags_wp.o
        14          0          0          0          0         68   __printf_wp.o
         0          0          0          0          0          0   __rtentry.o
        12          0          0          0          0          0   __rtentry2.o
         6          0          0          0          0          0   __rtentry4.o
        52          8          0          0          0          0   __scatter.o
        28          0          0          0          0          0   __scatter_zi.o
        44          0          0          0          0        108   _printf_char.o
        48          6          0          0          0         96   _printf_char_common.o
        36          4          0          0          0         80   _printf_char_file.o
         6          0          0          0          0          0   _printf_d.o
       120         16          0          0          0         92   _printf_dec.o
       178          0          0          0          0         88   _printf_intcommon.o
        78          0          0          0          0        108   _printf_pad.o
         0          0          0          0          0          0   _printf_percent.o
         4          0          0          0          0          0   _printf_percent_end.o
         6          0          0          0          0          0   _printf_s.o
        82          0          0          0          0         80   _printf_str.o
        22          0          0          0          0        100   _rserrno.o
        10          0          0          0          0         68   _sputc.o
        16          0          0          0          0         68   aeabi_memset.o
        18          0          0          0          0         80   exit.o
         8          0          0          0          0         68   ferror.o
         6          0          0          0          0        152   heapauxi.o
         2          0          0          0          0          0   libinit.o
         6          0          0          0          0          0   libinit2.o
         2          0          0          0          0          0   libshutdown.o
         2          0          0          0          0          0   libshutdown2.o
         8          4          0          0         96         68   libspace.o
        72          0          0          0          0         76   llsdiv.o
       238          0          0          0          0        100   lludivv7m.o
        88          0          0          0          0         76   memcmp.o
        24          4          0          0          0         84   noretval__2printf.o
        40          6          0          0          0         84   noretval__2sprintf.o
         8          4          0          0          0         68   rt_errno_addr_intlibspace.o
        68          0          0          0          0         68   rt_memclr.o
        78          0          0          0          0         80   rt_memclr_w.o
       138          0          0          0          0         68   rt_memcpy_v6.o
       100          0          0          0          0         80   rt_memcpy_w.o
         2          0          0          0          0          0   rtexit.o
        10          0          0          0          0          0   rtexit2.o
        74          0          0          0          0         80   sys_stackheap_outer.o
         2          0          0          0          0         68   use_no_semi.o
         2          0          0          0          0         68   use_no_semi_2.o
        24          0          0          0          0        164   basic.o
        98          4          0          0          0        140   d2f.o
       826         16          0          0          0        492   daddsub_clz.o
       688        140          0          0          0        256   ddiv.o
        94          4          0          0          0        140   dfix.o
        38          0          0          0          0        116   dflt_clz.o
       340         12          0          0          0        152   dmul.o
       156          4          0          0          0        140   dnaninf.o
        12          0          0          0          0        116   dretinf.o
       408         56          0          0          0        168   dsqrt_umaal.o
        86          4          0          0          0        132   f2d.o
       140          4          0          0          0        132   fnaninf.o
        10          0          0          0          0        116   fpinit.o
        10          0          0          0          0        116   fretinf.o
         0          0          0          0          0          0   usenofp.o
       864         94         80          0          0        280   asin.o
       744        106        152          0          0        352   atan.o
       496         64          0          0          0        192   atan2.o
       104         16          0          0          0        496   dunder.o
        24          0          0          0          0        124   fabs.o
        48          0          0          0          0        124   fpclassify.o
       248          0          0          0          0        152   poly.o
         0          0          8          0          0          0   qnan.o
       110          0          0          0          0        148   sqrt.o

    ----------------------------------------------------------------------
      7752        580        262          0        100       6732   Library Totals
        16          0          5          0          4          0   (incl. Padding)

    ----------------------------------------------------------------------

      Code (inc. data)   RO Data    RW Data    ZI Data      Debug   Library Name

      2168         56         17          0         96       2484   c_w.l
      2930        244          0          0          0       2380   fz_wm.l
      2638        280        240          0          0       1868   m_wm.l

    ----------------------------------------------------------------------
      7752        580        262          0        100       6732   Library Totals

    ----------------------------------------------------------------------

==============================================================================


      Code (inc. data)   RO Data    RW Data    ZI Data      Debug   

     34814       3886      17234        392      27320     508310   Grand Totals
     34814       3886      17234        104      27320     508310   ELF Image Totals (compressed)
     34814       3886      17234        104          0          0   ROM Totals

==============================================================================

    Total RO  Size (Code + RO Data)                52048 (  50.83kB)
    Total RW  Size (RW Data + ZI Data)             27712 (  27.06kB)
    Total ROM Size (Code + RO Data + RW Data)      52152 (  50.93kB)

==============================================================================

